Component: ARM Compiler 5.06 update 7 (build 960) Tool: armlink [4d3601]

==============================================================================

Section Cross References

    clock.o(i.MSIInit) refers to system_stm32l4xx.o(i.SystemCoreClockUpdate) for SystemCoreClockUpdate
    clock.o(i.pllInit) refers to system_stm32l4xx.o(i.SystemCoreClockUpdate) for SystemCoreClockUpdate
    lcd.o(i.LCDBar) refers to lcd.o(.data) for t_bar
    lcd.o(i.LCDContrastoDown) refers to lcd.o(i.LCDContrastoValue) for LCDContrastoValue
    lcd.o(i.LCDContrastoDown) refers to lcd.o(i.LCDContrastoSet) for LCDContrastoSet
    lcd.o(i.LCDContrastoUp) refers to lcd.o(i.LCDContrastoValue) for LCDContrastoValue
    lcd.o(i.LCDContrastoUp) refers to lcd.o(i.LCDContrastoSet) for LCDContrastoSet
    lcd.o(i.LCDConvCharSeg) refers to lcd.o(.constdata) for NumberMap
    lcd.o(i.LCDDisplayString) refers to lcd.o(i.LCDWriteChar) for LCDWriteChar
    lcd.o(i.LCDDisplayStringEx) refers to strlen.o(.text) for strlen
    lcd.o(i.LCDDisplayStringEx) refers to lcd.o(i.LCDWriteChar) for LCDWriteChar
    lcd.o(i.LCDDisplayStringEx) refers to lcd.o(i.delayLCD) for delayLCD
    lcd.o(i.LCDDisplayStringEx) refers to lcd.o(i.LCDClear) for LCDClear
    lcd.o(i.LCDInitialization) refers to lcd.o(i.LCDPinInit) for LCDPinInit
    lcd.o(i.LCDInitialization) refers to lcd.o(i.LCDClockInit) for LCDClockInit
    lcd.o(i.LCDInitialization) refers to lcd.o(i.LCDConfigure) for LCDConfigure
    lcd.o(i.LCDInitialization) refers to lcd.o(i.LCDClear) for LCDClear
    lcd.o(i.LCDWriteChar) refers to lcd.o(i.LCDConvCharSeg) for LCDConvCharSeg
    lcd.o(i.delayLCD) refers to system_stm32l4xx.o(.data) for SystemCoreClock
    led.o(i.LedBlink) refers to tasks.o(i.vTaskDelay) for vTaskDelay
    led.o(i.LedBlink) refers to led.o(i.LedRossoToggle) for LedRossoToggle
    led.o(i.LedInit) refers to led.o(i.LedRossoInit) for LedRossoInit
    led.o(i.LedInit) refers to led.o(i.LedVerdeInit) for LedVerdeInit
    led.o(i.LedRossoBlink) refers to tasks.o(i.vTaskDelay) for vTaskDelay
    led.o(i.LedRossoBlink) refers to led.o(i.LedRossoToggle) for LedRossoToggle
    led.o(i.LedRossoBlinkTask) refers to led.o(i.LedRossoToggle) for LedRossoToggle
    led.o(i.LedRossoBlinkTask) refers to tasks.o(i.vTaskDelay) for vTaskDelay
    led.o(i.LedRossoTask) refers to led.o(i.LedRossoOn) for LedRossoOn
    led.o(i.LedRossoTask) refers to tasks.o(i.vTaskDelay) for vTaskDelay
    led.o(i.LedRossoTask) refers to led.o(i.LedRossoOff) for LedRossoOff
    led.o(i.LedTest) refers to tasks.o(i.vTaskDelay) for vTaskDelay
    led.o(i.LedTest) refers to led.o(i.LedRossoToggle) for LedRossoToggle
    led.o(i.LedTest) refers to led.o(i.LedVerdeToggle) for LedVerdeToggle
    led.o(i.LedVerdeBlink) refers to tasks.o(i.vTaskDelay) for vTaskDelay
    led.o(i.LedVerdeBlink) refers to led.o(i.LedVerdeToggle) for LedVerdeToggle
    led.o(i.LedVerdeBlinkTask) refers to led.o(i.LedVerdeToggle) for LedVerdeToggle
    led.o(i.LedVerdeBlinkTask) refers to tasks.o(i.vTaskDelay) for vTaskDelay
    led.o(i.LedVerdeTask) refers to led.o(i.LedVerdeOn) for LedVerdeOn
    led.o(i.LedVerdeTask) refers to tasks.o(i.vTaskDelay) for vTaskDelay
    led.o(i.LedVerdeTask) refers to led.o(i.LedVerdeOff) for LedVerdeOff
    main.o(i.main) refers to clock.o(i.pllInit) for pllInit
    main.o(i.main) refers to led.o(i.LedInit) for LedInit
    main.o(i.main) refers to puls.o(i.SwInit) for SwInit
    main.o(i.main) refers to rullolcd.o(i.LCDInit) for LCDInit
    main.o(i.main) refers to rullolcd.o(i.LCDTest) for LCDTest
    main.o(i.main) refers to tasks.o(i.vTaskStartScheduler) for vTaskStartScheduler
    puls.o(i.LedVerdeSwTask) refers to led.o(i.LedVerdeToggle) for LedVerdeToggle
    puls.o(i.LedVerdeSwTask) refers to tasks.o(i.vTaskDelay) for vTaskDelay
    puls.o(i.LedVerdeSwTask) refers to puls.o(.data) for click
    puls.o(i.SwCenterPress) refers to arduino.o(i.digitalRead) for digitalRead
    puls.o(i.SwDownLPress) refers to puls.o(i.SwDownPress) for SwDownPress
    puls.o(i.SwDownLPress) refers to tasks.o(i.vTaskDelay) for vTaskDelay
    puls.o(i.SwDownPress) refers to arduino.o(i.digitalRead) for digitalRead
    puls.o(i.SwInit) refers to puls.o(i.SwCenterInit) for SwCenterInit
    puls.o(i.SwInit) refers to puls.o(i.SwLeftInit) for SwLeftInit
    puls.o(i.SwInit) refers to puls.o(i.SwRightInit) for SwRightInit
    puls.o(i.SwInit) refers to puls.o(i.SwUpInit) for SwUpInit
    puls.o(i.SwInit) refers to puls.o(i.SwDownInit) for SwDownInit
    puls.o(i.SwLeftClick) refers to arduino.o(i.digitalRead) for digitalRead
    puls.o(i.SwLeftClickOld) refers to arduino.o(i.digitalRead) for digitalRead
    puls.o(i.SwLeftClickOld) refers to puls.o(.data) for valSw
    puls.o(i.SwLeftClickTask) refers to arduino.o(i.digitalRead) for digitalRead
    puls.o(i.SwLeftClickTask) refers to puls.o(.data) for click
    puls.o(i.SwLeftPress) refers to arduino.o(i.digitalRead) for digitalRead
[...]
    RTE\Device\STM32L476VGTx\startup_stm32l476xx.s 0x00000000   Number         0  startup_stm32l476xx.o ABSOLUTE
    RTE\Device\STM32L476VGTx\system_stm32l4xx.c 0x00000000   Number         0  system_stm32l4xx.o ABSOLUTE
    RTE\\Device\\STM32L476VGTx\\system_stm32l4xx.c 0x00000000   Number         0  system_stm32l4xx.o ABSOLUTE
    dc.s                                     0x00000000   Number         0  dc.o ABSOLUTE
    RESET                                    0x08000000   Section      392  startup_stm32l476xx.o(RESET)
    !!!main                                  0x08000188   Section        8  __main.o(!!!main)
    !!!scatter                               0x08000190   Section       52  __scatter.o(!!!scatter)
    !!handler_copy                           0x080001c4   Section       26  __scatter_copy.o(!!handler_copy)
    !!handler_zi                             0x080001e0   Section       28  __scatter_zi.o(!!handler_zi)
    .ARM.Collect$$_printf_percent$$00000000  0x080001fc   Section        0  _printf_percent.o(.ARM.Collect$$_printf_percent$$00000000)
    .ARM.Collect$$_printf_percent$$00000009  0x080001fc   Section        6  _printf_d.o(.ARM.Collect$$_printf_percent$$00000009)
    .ARM.Collect$$_printf_percent$$00000017  0x08000202   Section        4  _printf_percent_end.o(.ARM.Collect$$_printf_percent$$00000017)
    .ARM.Collect$$libinit$$00000000          0x08000206   Section        2  libinit.o(.ARM.Collect$$libinit$$00000000)
    .ARM.Collect$$libinit$$00000001          0x08000208   Section        4  libinit2.o(.ARM.Collect$$libinit$$00000001)
    .ARM.Collect$$libinit$$00000004          0x0800020c   Section        0  libinit2.o(.ARM.Collect$$libinit$$00000004)
    .ARM.Collect$$libinit$$0000000A          0x0800020c   Section        0  libinit2.o(.ARM.Collect$$libinit$$0000000A)
    .ARM.Collect$$libinit$$0000000C          0x0800020c   Section        0  libinit2.o(.ARM.Collect$$libinit$$0000000C)
    .ARM.Collect$$libinit$$0000000E          0x0800020c   Section        0  libinit2.o(.ARM.Collect$$libinit$$0000000E)
    .ARM.Collect$$libinit$$00000011          0x0800020c   Section        0  libinit2.o(.ARM.Collect$$libinit$$00000011)
    .ARM.Collect$$libinit$$00000013          0x0800020c   Section        0  libinit2.o(.ARM.Collect$$libinit$$00000013)
    .ARM.Collect$$libinit$$00000015          0x0800020c   Section        0  libinit2.o(.ARM.Collect$$libinit$$00000015)
    .ARM.Collect$$libinit$$00000017          0x0800020c   Section        0  libinit2.o(.ARM.Collect$$libinit$$00000017)
    .ARM.Collect$$libinit$$00000019          0x0800020c   Section        0  libinit2.o(.ARM.Collect$$libinit$$00000019)
    .ARM.Collect$$libinit$$0000001B          0x0800020c   Section        0  libinit2.o(.ARM.Collect$$libinit$$0000001B)
    .ARM.Collect$$libinit$$0000001D          0x0800020c   Section        0  libinit2.o(.ARM.Collect$$libinit$$0000001D)
    .ARM.Collect$$libinit$$0000001F          0x0800020c   Section        0  libinit2.o(.ARM.Collect$$libinit$$0000001F)
    .ARM.Collect$$libinit$$00000021          0x0800020c   Section        0  libinit2.o(.ARM.Collect$$libinit$$00000021)
    .ARM.Collect$$libinit$$00000023          0x0800020c   Section        0  libinit2.o(.ARM.Collect$$libinit$$00000023)
    .ARM.Collect$$libinit$$00000025          0x0800020c   Section        0  libinit2.o(.ARM.Collect$$libinit$$00000025)
    .ARM.Collect$$libinit$$0000002C          0x0800020c   Section        0  libinit2.o(.ARM.Collect$$libinit$$0000002C)
    .ARM.Collect$$libinit$$0000002E          0x0800020c   Section        0  libinit2.o(.ARM.Collect$$libinit$$0000002E)
    .ARM.Collect$$libinit$$00000030          0x0800020c   Section        0  libinit2.o(.ARM.Collect$$libinit$$00000030)
    .ARM.Collect$$libinit$$00000032          0x0800020c   Section        0  libinit2.o(.ARM.Collect$$libinit$$00000032)
    .ARM.Collect$$libinit$$00000033          0x0800020c   Section        2  libinit2.o(.ARM.Collect$$libinit$$00000033)
    .ARM.Collect$$libshutdown$$00000000      0x0800020e   Section        2  libshutdown.o(.ARM.Collect$$libshutdown$$00000000)
    .ARM.Collect$$libshutdown$$00000002      0x08000210   Section        0  libshutdown2.o(.ARM.Collect$$libshutdown$$00000002)
    .ARM.Collect$$libshutdown$$00000004      0x08000210   Section        0  libshutdown2.o(.ARM.Collect$$libshutdown$$00000004)
    .ARM.Collect$$libshutdown$$00000006      0x08000210   Section        0  libshutdown2.o(.ARM.Collect$$libshutdown$$00000006)
    .ARM.Collect$$libshutdown$$00000009      0x08000210   Section        0  libshutdown2.o(.ARM.Collect$$libshutdown$$00000009)
    .ARM.Collect$$libshutdown$$0000000C      0x08000210   Section        0  libshutdown2.o(.ARM.Collect$$libshutdown$$0000000C)
    .ARM.Collect$$libshutdown$$0000000E      0x08000210   Section        0  libshutdown2.o(.ARM.Collect$$libshutdown$$0000000E)
    .ARM.Collect$$libshutdown$$00000011      0x08000210   Section        0  libshutdown2.o(.ARM.Collect$$libshutdown$$00000011)
    .ARM.Collect$$libshutdown$$00000012      0x08000210   Section        2  libshutdown2.o(.ARM.Collect$$libshutdown$$00000012)
    .ARM.Collect$$rtentry$$00000000          0x08000212   Section        0  __rtentry.o(.ARM.Collect$$rtentry$$00000000)
    .ARM.Collect$$rtentry$$00000002          0x08000212   Section        0  __rtentry2.o(.ARM.Collect$$rtentry$$00000002)
    .ARM.Collect$$rtentry$$00000004          0x08000212   Section        6  __rtentry4.o(.ARM.Collect$$rtentry$$00000004)
    .ARM.Collect$$rtentry$$00000008          0x08000218   Section        8  __rtentry2.o(.ARM.Collect$$rtentry$$00000008)
    .ARM.Collect$$rtentry$$0000000A          0x08000220   Section        4  __rtentry2.o(.ARM.Collect$$rtentry$$0000000A)
    .ARM.Collect$$rtentry$$0000000C          0x08000224   Section        0  __rtentry2.o(.ARM.Collect$$rtentry$$0000000C)
    .ARM.Collect$$rtentry$$0000000D          0x08000224   Section        8  __rtentry2.o(.ARM.Collect$$rtentry$$0000000D)
    .ARM.Collect$$rtexit$$00000000           0x0800022c   Section        2  rtexit.o(.ARM.Collect$$rtexit$$00000000)
    .ARM.Collect$$rtexit$$00000002           0x0800022e   Section        0  rtexit2.o(.ARM.Collect$$rtexit$$00000002)
    .ARM.Collect$$rtexit$$00000003           0x0800022e   Section        4  rtexit2.o(.ARM.Collect$$rtexit$$00000003)
    .ARM.Collect$$rtexit$$00000004           0x08000232   Section        6  rtexit2.o(.ARM.Collect$$rtexit$$00000004)
    .emb_text                                0x08000238   Section      190  port.o(.emb_text)
    $v0                                      0x08000238   Number         0  port.o(.emb_text)
    .text                                    0x08000318   Section       64  startup_stm32l476xx.o(.text)
    $v0                                      0x08000318   Number         0  startup_stm32l476xx.o(.text)
    .text                                    0x08000358   Section        0  noretval__2sprintf.o(.text)
    .text                                    0x08000380   Section        0  _printf_dec.o(.text)
    .text                                    0x080003f8   Section        0  __printf_ss.o(.text)
    .text                                    0x080004b0   Section      138  rt_memcpy_v6.o(.text)
    .text                                    0x0800053a   Section       16  aeabi_memset.o(.text)
    .text                                    0x0800054a   Section       78  rt_memclr_w.o(.text)
    .text                                    0x08000598   Section        0  heapauxi.o(.text)
    .text                                    0x0800059e   Section        0  _printf_intcommon.o(.text)
    .text                                    0x08000650   Section        0  _printf_char_common.o(.text)
    _printf_input_char                       0x08000651   Thumb Code    10  _printf_char_common.o(.text)
    .text                                    0x08000680   Section        0  _sputc.o(.text)
    .text                                    0x0800068a   Section      100  rt_memcpy_w.o(.text)
    .text                                    0x080006ee   Section       68  rt_memclr.o(.text)
    .text                                    0x08000734   Section        8  libspace.o(.text)
    .text                                    0x0800073c   Section       74  sys_stackheap_outer.o(.text)
    .text                                    0x08000786   Section        0  exit.o(.text)
    .text                                    0x08000798   Section        0  sys_exit.o(.text)
    .text                                    0x080007a4   Section        2  use_no_semi.o(.text)
    .text                                    0x080007a6   Section        0  indicate_semi.o(.text)
    i.LCDClear                               0x080007a8   Section        0  lcd.o(i.LCDClear)
    i.LCDClockInit                           0x080007e0   Section        0  lcd.o(i.LCDClockInit)
    i.LCDConfigure                           0x080008a8   Section        0  lcd.o(i.LCDConfigure)
    i.LCDConvCharSeg                         0x080008fc   Section        0  lcd.o(i.LCDConvCharSeg)
    LCDConvCharSeg                           0x080008fd   Thumb Code   304  lcd.o(i.LCDConvCharSeg)
    i.LCDDisplayString                       0x08000a34   Section        0  lcd.o(i.LCDDisplayString)
    i.LCDInit                                0x08000a64   Section        0  rullolcd.o(i.LCDInit)
    i.LCDInitialization                      0x08000aa8   Section        0  lcd.o(i.LCDInitialization)
    i.LCDPinInit                             0x08000abc   Section        0  lcd.o(i.LCDPinInit)
    i.LCDTest                                0x08000c20   Section        0  rullolcd.o(i.LCDTest)
    i.LCDWriteChar                           0x08000c5c   Section        0  lcd.o(i.LCDWriteChar)
    i.LedInit                                0x08001400   Section        0  led.o(i.LedInit)
    i.LedRossoInit                           0x0800140c   Section        0  led.o(i.LedRossoInit)
    i.LedRossoToggle                         0x08001438   Section        0  led.o(i.LedRossoToggle)
    i.LedVerdeInit                           0x0800144c   Section        0  led.o(i.LedVerdeInit)
    i.LedVerdeToggle                         0x08001478   Section        0  led.o(i.LedVerdeToggle)
    i.SwCenterInit                           0x0800148c   Section        0  puls.o(i.SwCenterInit)
    i.SwDownInit                             0x080014cc   Section        0  puls.o(i.SwDownInit)
    i.SwInit                                 0x0800150c   Section        0  puls.o(i.SwInit)
    i.SwLeftClick                            0x08001524   Section        0  puls.o(i.SwLeftClick)
    i.SwLeftInit                             0x08001544   Section        0  puls.o(i.SwLeftInit)
    i.SwRightClick                           0x08001584   Section        0  puls.o(i.SwRightClick)
    i.SwRightInit                            0x080015a4   Section        0  puls.o(i.SwRightInit)
    i.SwUpInit                               0x080015e4   Section        0  puls.o(i.SwUpInit)
    i.SysTick_Handler                        0x08001624   Section        0  cmsis_os2.o(i.SysTick_Handler)
    i.SystemCoreClockUpdate                  0x0800163c   Section        0  system_stm32l4xx.o(i.SystemCoreClockUpdate)
    i.SystemInit                             0x08001728   Section        0  system_stm32l4xx.o(i.SystemInit)
    i._mutex_acquire                         0x08001778   Section        0  clib_arm.o(i._mutex_acquire)
    __tagsym$$used                           0x08001779   Number         0  clib_arm.o(i._mutex_acquire)
    i._mutex_free                            0x08001790   Section        0  clib_arm.o(i._mutex_free)
    __tagsym$$used                           0x08001791   Number         0  clib_arm.o(i._mutex_free)
    i._mutex_initialize                      0x080017c4   Section        0  clib_arm.o(i._mutex_initialize)
    __tagsym$$used                           0x080017c5   Number         0  clib_arm.o(i._mutex_initialize)
    i._mutex_release                         0x08001824   Section        0  clib_arm.o(i._mutex_release)
    __tagsym$$used                           0x08001825   Number         0  clib_arm.o(i._mutex_release)
    i._platform_post_stackheap_init          0x0800183c   Section        0  clib_arm.o(i._platform_post_stackheap_init)
    i.digitalRead                            0x0800183e   Section        0  arduino.o(i.digitalRead)
    i.main                                   0x0800186c   Section        0  main.o(i.main)
    i.os_kernel_is_active                    0x08001890   Section        0  clib_arm.o(i.os_kernel_is_active)
    os_kernel_is_active                      0x08001891   Thumb Code    18  clib_arm.o(i.os_kernel_is_active)
    i.pllInit                                0x080018a4   Section        0  clock.o(i.pllInit)
    i.prvAddCurrentTaskToDelayedList         0x080019ac   Section        0  tasks.o(i.prvAddCurrentTaskToDelayedList)
    prvAddCurrentTaskToDelayedList           0x080019ad   Thumb Code   140  tasks.o(i.prvAddCurrentTaskToDelayedList)
    i.prvAddNewTaskToReadyList               0x08001a50   Section        0  tasks.o(i.prvAddNewTaskToReadyList)
    prvAddNewTaskToReadyList                 0x08001a51   Thumb Code   204  tasks.o(i.prvAddNewTaskToReadyList)
    i.prvCheckForValidListAndQueue           0x08001b38   Section        0  timers.o(i.prvCheckForValidListAndQueue)
    prvCheckForValidListAndQueue             0x08001b39   Thumb Code    62  timers.o(i.prvCheckForValidListAndQueue)
    i.prvCheckTasksWaitingTermination        0x08001b94   Section        0  tasks.o(i.prvCheckTasksWaitingTermination)
    prvCheckTasksWaitingTermination          0x08001b95   Thumb Code    60  tasks.o(i.prvCheckTasksWaitingTermination)
    i.prvCopyDataFromQueue                   0x08001bdc   Section        0  queue.o(i.prvCopyDataFromQueue)
    prvCopyDataFromQueue                     0x08001bdd   Thumb Code    42  queue.o(i.prvCopyDataFromQueue)
    i.prvCopyDataToQueue                     0x08001c06   Section        0  queue.o(i.prvCopyDataToQueue)
    prvCopyDataToQueue                       0x08001c07   Thumb Code   126  queue.o(i.prvCopyDataToQueue)
    i.prvDeleteTCB                           0x08001c84   Section        0  tasks.o(i.prvDeleteTCB)
    prvDeleteTCB                             0x08001c85   Thumb Code    40  tasks.o(i.prvDeleteTCB)
    i.prvGetDisinheritPriorityAfterTimeout   0x08001cac   Section        0  queue.o(i.prvGetDisinheritPriorityAfterTimeout)
    prvGetDisinheritPriorityAfterTimeout     0x08001cad   Thumb Code    20  queue.o(i.prvGetDisinheritPriorityAfterTimeout)
    i.prvGetNextExpireTime                   0x08001cc0   Section        0  timers.o(i.prvGetNextExpireTime)
    prvGetNextExpireTime                     0x08001cc1   Thumb Code    36  timers.o(i.prvGetNextExpireTime)
    i.prvHeapInit                            0x08001ce8   Section        0  heap_4.o(i.prvHeapInit)
    prvHeapInit                              0x08001ce9   Thumb Code    98  heap_4.o(i.prvHeapInit)
    i.prvIdleTask                            0x08001d64   Section        0  tasks.o(i.prvIdleTask)
    prvIdleTask                              0x08001d65   Thumb Code    32  tasks.o(i.prvIdleTask)
    i.prvInitialiseMutex                     0x08001d8c   Section        0  queue.o(i.prvInitialiseMutex)
    prvInitialiseMutex                       0x08001d8d   Thumb Code    30  queue.o(i.prvInitialiseMutex)
    i.prvInitialiseNewQueue                  0x08001daa   Section        0  queue.o(i.prvInitialiseNewQueue)
    prvInitialiseNewQueue                    0x08001dab   Thumb Code    42  queue.o(i.prvInitialiseNewQueue)
    i.prvInitialiseNewTask                   0x08001dd4   Section        0  tasks.o(i.prvInitialiseNewTask)
    prvInitialiseNewTask                     0x08001dd5   Thumb Code   154  tasks.o(i.prvInitialiseNewTask)
    i.prvInitialiseTaskLists                 0x08001e74   Section        0  tasks.o(i.prvInitialiseTaskLists)
    prvInitialiseTaskLists                   0x08001e75   Thumb Code    70  tasks.o(i.prvInitialiseTaskLists)
    i.prvInsertBlockIntoFreeList             0x08001edc   Section        0  heap_4.o(i.prvInsertBlockIntoFreeList)
    prvInsertBlockIntoFreeList               0x08001edd   Thumb Code    96  heap_4.o(i.prvInsertBlockIntoFreeList)
    i.prvInsertTimerInActiveList             0x08001f44   Section        0  timers.o(i.prvInsertTimerInActiveList)
    prvInsertTimerInActiveList               0x08001f45   Thumb Code    80  timers.o(i.prvInsertTimerInActiveList)
    i.prvIsQueueEmpty                        0x08001f9c   Section        0  queue.o(i.prvIsQueueEmpty)
    prvIsQueueEmpty                          0x08001f9d   Thumb Code    26  queue.o(i.prvIsQueueEmpty)
    i.prvIsQueueFull                         0x08001fb6   Section        0  queue.o(i.prvIsQueueFull)
    prvIsQueueFull                           0x08001fb7   Thumb Code    30  queue.o(i.prvIsQueueFull)
    i.prvProcessExpiredTimer                 0x08001fd4   Section        0  timers.o(i.prvProcessExpiredTimer)
    prvProcessExpiredTimer                   0x08001fd5   Thumb Code    62  timers.o(i.prvProcessExpiredTimer)
    i.prvProcessReceivedCommands             0x08002018   Section        0  timers.o(i.prvProcessReceivedCommands)
    prvProcessReceivedCommands               0x08002019   Thumb Code   268  timers.o(i.prvProcessReceivedCommands)
    i.prvProcessTimerOrBlockTask             0x08002128   Section        0  timers.o(i.prvProcessTimerOrBlockTask)
    prvProcessTimerOrBlockTask               0x08002129   Thumb Code   102  timers.o(i.prvProcessTimerOrBlockTask)
    i.prvReloadTimer                         0x0800219c   Section        0  timers.o(i.prvReloadTimer)
    prvReloadTimer                           0x0800219d   Thumb Code    40  timers.o(i.prvReloadTimer)
    i.prvResetNextTaskUnblockTime            0x080021c4   Section        0  tasks.o(i.prvResetNextTaskUnblockTime)
    prvResetNextTaskUnblockTime              0x080021c5   Thumb Code    40  tasks.o(i.prvResetNextTaskUnblockTime)
    i.prvSampleTimeNow                       0x080021f4   Section        0  timers.o(i.prvSampleTimeNow)
    prvSampleTimeNow                         0x080021f5   Thumb Code    40  timers.o(i.prvSampleTimeNow)
    i.prvSwitchTimerLists                    0x08002220   Section        0  timers.o(i.prvSwitchTimerLists)
    prvSwitchTimerLists                      0x08002221   Thumb Code    58  timers.o(i.prvSwitchTimerLists)
    i.prvTaskExitError                       0x08002264   Section        0  port.o(i.prvTaskExitError)
    prvTaskExitError                         0x08002265   Thumb Code    22  port.o(i.prvTaskExitError)
    i.prvTestWaitCondition                   0x0800227a   Section        0  event_groups.o(i.prvTestWaitCondition)
    prvTestWaitCondition                     0x0800227b   Thumb Code    30  event_groups.o(i.prvTestWaitCondition)
    i.prvTimerTask                           0x08002298   Section        0  timers.o(i.prvTimerTask)
    prvTimerTask                             0x08002299   Thumb Code    26  timers.o(i.prvTimerTask)
    i.prvUnlockQueue                         0x080022b2   Section        0  queue.o(i.prvUnlockQueue)
    prvUnlockQueue                           0x080022b3   Thumb Code   126  queue.o(i.prvUnlockQueue)
    i.pvPortMalloc                           0x08002330   Section        0  heap_4.o(i.pvPortMalloc)
    i.pvTaskIncrementMutexHeldCount          0x0800242c   Section        0  tasks.o(i.pvTaskIncrementMutexHeldCount)
    i.pxPortInitialiseStack                  0x0800244c   Section        0  port.o(i.pxPortInitialiseStack)
    i.uxListRemove                           0x08002478   Section        0  list.o(i.uxListRemove)
    i.uxTaskResetEventItemValue              0x080024a0   Section        0  tasks.o(i.uxTaskResetEventItemValue)
    i.vApplicationGetIdleTaskMemory          0x080024bc   Section        0  cmsis_os2.o(i.vApplicationGetIdleTaskMemory)
    i.vApplicationGetTimerTaskMemory         0x080024d4   Section        0  cmsis_os2.o(i.vApplicationGetTimerTaskMemory)
    i.vApplicationStackOverflowHook          0x080024ec   Section        0  cmsis_os2.o(i.vApplicationStackOverflowHook)
    i.vListInitialise                        0x080024ee   Section        0  list.o(i.vListInitialise)
    i.vListInitialiseItem                    0x08002508   Section        0  list.o(i.vListInitialiseItem)
    i.vListInsert                            0x0800250e   Section        0  list.o(i.vListInsert)
    i.vPortEnterCritical                     0x08002544   Section        0  port.o(i.vPortEnterCritical)
    i.vPortExitCritical                      0x08002568   Section        0  port.o(i.vPortExitCritical)
    i.vPortFree                              0x08002588   Section        0  heap_4.o(i.vPortFree)
    i.vPortSetupTimerInterrupt               0x080025e0   Section        0  port.o(i.vPortSetupTimerInterrupt)
    i.vQueueDelete                           0x08002608   Section        0  queue.o(i.vQueueDelete)
    i.vQueueWaitForMessageRestricted         0x0800261c   Section        0  queue.o(i.vQueueWaitForMessageRestricted)
    i.vTaskConteggio                         0x08002668   Section        0  rullolcd.o(i.vTaskConteggio)
    i.vTaskInternalSetTimeOutState           0x080026d8   Section        0  tasks.o(i.vTaskInternalSetTimeOutState)
    i.vTaskMissedYield                       0x080026f0   Section        0  tasks.o(i.vTaskMissedYield)
    i.vTaskPlaceOnEventList                  0x080026fc   Section        0  tasks.o(i.vTaskPlaceOnEventList)
    i.vTaskPlaceOnEventListRestricted        0x0800271c   Section        0  tasks.o(i.vTaskPlaceOnEventListRestricted)
    i.vTaskPlaceOnUnorderedEventList         0x08002768   Section        0  tasks.o(i.vTaskPlaceOnUnorderedEventList)
    i.vTaskPriorityDisinheritAfterTimeout    0x080027b8   Section        0  tasks.o(i.vTaskPriorityDisinheritAfterTimeout)
    i.vTaskPuls                              0x08002878   Section        0  rullolcd.o(i.vTaskPuls)
    i.vTaskRemoveFromUnorderedEventList      0x080028a0   Section        0  tasks.o(i.vTaskRemoveFromUnorderedEventList)
    i.vTaskStartScheduler                    0x0800296c   Section        0  tasks.o(i.vTaskStartScheduler)
    i.vTaskSuspendAll                        0x08002a08   Section        0  tasks.o(i.vTaskSuspendAll)
    i.vTaskSwitchContext                     0x08002a18   Section        0  tasks.o(i.vTaskSwitchContext)
    i.xEventGroupCreate                      0x08002ac8   Section        0  event_groups.o(i.xEventGroupCreate)
    i.xEventGroupSetBits                     0x08002ae6   Section        0  event_groups.o(i.xEventGroupSetBits)
    i.xEventGroupWaitBits                    0x08002b80   Section        0  event_groups.o(i.xEventGroupWaitBits)
    i.xPortStartScheduler                    0x08002c54   Section        0  port.o(i.xPortStartScheduler)
    i.xPortSysTickHandler                    0x08002c9c   Section        0  port.o(i.xPortSysTickHandler)
    i.xQueueCreateMutex                      0x08002cd0   Section        0  queue.o(i.xQueueCreateMutex)
    i.xQueueCreateMutexStatic                0x08002cf2   Section        0  queue.o(i.xQueueCreateMutexStatic)
    i.xQueueGenericCreate                    0x08002d1c   Section        0  queue.o(i.xQueueGenericCreate)
    i.xQueueGenericCreateStatic              0x08002d6e   Section        0  queue.o(i.xQueueGenericCreateStatic)
    i.xQueueGenericReset                     0x08002dac   Section        0  queue.o(i.xQueueGenericReset)
    i.xQueueGenericSend                      0x08002e4c   Section        0  queue.o(i.xQueueGenericSend)
    i.xQueueReceive                          0x08002f64   Section        0  queue.o(i.xQueueReceive)
    i.xQueueSemaphoreTake                    0x08003068   Section        0  queue.o(i.xQueueSemaphoreTake)
    i.xTaskCheckForTimeOut                   0x08003198   Section        0  tasks.o(i.xTaskCheckForTimeOut)
    i.xTaskCreate                            0x080031f8   Section        0  tasks.o(i.xTaskCreate)
    i.xTaskCreateStatic                      0x08003262   Section        0  tasks.o(i.xTaskCreateStatic)
    i.xTaskGetSchedulerState                 0x080032b8   Section        0  tasks.o(i.xTaskGetSchedulerState)
    i.xTaskGetTickCount                      0x080032d8   Section        0  tasks.o(i.xTaskGetTickCount)
    i.xTaskIncrementTick                     0x080032e4   Section        0  tasks.o(i.xTaskIncrementTick)
    i.xTaskPriorityDisinherit                0x08003474   Section        0  tasks.o(i.xTaskPriorityDisinherit)
    i.xTaskPriorityInherit                   0x08003508   Section        0  tasks.o(i.xTaskPriorityInherit)
    i.xTaskRemoveFromEventList               0x080035e0   Section        0  tasks.o(i.xTaskRemoveFromEventList)
    i.xTaskResumeAll                         0x080036e8   Section        0  tasks.o(i.xTaskResumeAll)
    i.xTimerCreateTimerTask                  0x08003840   Section        0  timers.o(i.xTimerCreateTimerTask)
    x$fpl$fpinit                             0x080038a0   Section       10  fpinit.o(x$fpl$fpinit)
    $v0                                      0x080038a0   Number         0  fpinit.o(x$fpl$fpinit)
    .constdata                               0x080038aa   Section       72  lcd.o(.constdata)
    .constdata                               0x080038f4   Section       72  system_stm32l4xx.o(.constdata)
    .data                                    0x20000000   Section       12  rullolcd.o(.data)
    pacchi_b                                 0x20000004   Data           4  rullolcd.o(.data)
    pacchi_n                                 0x20000008   Data           4  rullolcd.o(.data)
    .data                                    0x2000000c   Section        4  system_stm32l4xx.o(.data)
    .data                                    0x20000010   Section       32  heap_4.o(.data)
    xStart                                   0x20000010   Data           8  heap_4.o(.data)
    pxEnd                                    0x20000018   Data           4  heap_4.o(.data)
    xFreeBytesRemaining                      0x2000001c   Data           4  heap_4.o(.data)
    xMinimumEverFreeBytesRemaining           0x20000020   Data           4  heap_4.o(.data)
    xNumberOfSuccessfulAllocations           0x20000024   Data           4  heap_4.o(.data)
    xNumberOfSuccessfulFrees                 0x20000028   Data           4  heap_4.o(.data)
    xBlockAllocatedBit                       0x2000002c   Data           4  heap_4.o(.data)
    .data                                    0x20000030   Section        4  port.o(.data)
    uxCriticalNesting                        0x20000030   Data           4  port.o(.data)
    .data                                    0x20000034   Section       64  tasks.o(.data)
    pxDelayedTaskList                        0x20000038   Data           4  tasks.o(.data)
    pxOverflowDelayedTaskList                0x2000003c   Data           4  tasks.o(.data)
    uxDeletedTasksWaitingCleanUp             0x20000040   Data           4  tasks.o(.data)
    uxCurrentNumberOfTasks                   0x20000044   Data           4  tasks.o(.data)
    xTickCount                               0x20000048   Data           4  tasks.o(.data)
    uxTopReadyPriority                       0x2000004c   Data           4  tasks.o(.data)
    xSchedulerRunning                        0x20000050   Data           4  tasks.o(.data)
    xPendedTicks                             0x20000054   Data           4  tasks.o(.data)
    xYieldPending                            0x20000058   Data           4  tasks.o(.data)
    xNumOfOverflows                          0x2000005c   Data           4  tasks.o(.data)
    uxTaskNumber                             0x20000060   Data           4  tasks.o(.data)
    xNextTaskUnblockTime                     0x20000064   Data           4  tasks.o(.data)
    xIdleTaskHandle                          0x20000068   Data           4  tasks.o(.data)
    uxSchedulerSuspended                     0x20000070   Data           4  tasks.o(.data)
    .data                                    0x20000074   Section       20  timers.o(.data)
    pxCurrentTimerList                       0x20000074   Data           4  timers.o(.data)
    pxOverflowTimerList                      0x20000078   Data           4  timers.o(.data)
    xTimerQueue                              0x2000007c   Data           4  timers.o(.data)
    xTimerTaskHandle                         0x20000080   Data           4  timers.o(.data)
    xLastTime                                0x20000084   Data           4  timers.o(.data)
    .bss                                     0x20000088   Section      916  clib_arm.o(.bss)
    os_libspace                              0x20000088   Data         480  clib_arm.o(.bss)
    os_libspace_id                           0x20000268   Data          16  clib_arm.o(.bss)
    clib_mutex_cb                            0x20000278   Data         400  clib_arm.o(.bss)
    clib_mutex_id                            0x20000408   Data          20  clib_arm.o(.bss)
    .bss                                     0x2000041c   Section     1016  cmsis_os2.o(.bss)
    Idle_TCB                                 0x2000041c   Data          92  cmsis_os2.o(.bss)
    Idle_Stack                               0x20000478   Data         512  cmsis_os2.o(.bss)
    Timer_TCB                                0x20000678   Data          92  cmsis_os2.o(.bss)
    Timer_Stack                              0x200006d4   Data         320  cmsis_os2.o(.bss)
    .bss                                     0x20000814   Section     8192  heap_4.o(.bss)
    ucHeap                                   0x20000814   Data        8192  heap_4.o(.bss)
    .bss                                     0x20002814   Section     1220  tasks.o(.bss)
    pxReadyTasksLists                        0x20002814   Data        1120  tasks.o(.bss)
    xDelayedTaskList1                        0x20002c74   Data          20  tasks.o(.bss)
    xDelayedTaskList2                        0x20002c88   Data          20  tasks.o(.bss)
    xPendingReadyList                        0x20002c9c   Data          20  tasks.o(.bss)
    xTasksWaitingTermination                 0x20002cb0   Data          20  tasks.o(.bss)
    xSuspendedTaskList                       0x20002cc4   Data          20  tasks.o(.bss)
    .bss                                     0x20002cd8   Section      200  timers.o(.bss)
    xActiveTimerList1                        0x20002cd8   Data          20  timers.o(.bss)
    xActiveTimerList2                        0x20002cec   Data          20  timers.o(.bss)
    xStaticTimerQueue                        0x20002d00   Data          80  timers.o(.bss)
    ucStaticTimerQueueStorage                0x20002d50   Data          80  timers.o(.bss)
    .bss                                     0x20002da0   Section       96  libspace.o(.bss)
    HEAP                                     0x20002e00   Section      512  startup_stm32l476xx.o(HEAP)
    Heap_Mem                                 0x20002e00   Data         512  startup_stm32l476xx.o(HEAP)
    STACK                                    0x20003000   Section     1024  startup_stm32l476xx.o(STACK)
    Stack_Mem                                0x20003000   Data        1024  startup_stm32l476xx.o(STACK)
    __initial_sp                             0x20003400   Data           0  startup_stm32l476xx.o(STACK)

    Global Symbols

    Symbol Name                              Value     Ov Type        Size  Object(Section)

    BuildAttributes$$THM_ISAv4$E$P$D$K$B$S$7EM$VFPi3$EXTD16$VFPS$VFMA$PE$A:L22UL41UL21$X:L11$S22US41US21$IEEE1$IW$USESV6$~STKCKD$USESV7$~SHL$OTIME$ROPI$IEEEJ$EBA8$UX$STANDARDLIB$REQ8$PRES8$EABIv2 0x00000000   Number         0  anon$$obj.o ABSOLUTE
    __ARM_use_no_argv                        0x00000000   Number         0  main.o ABSOLUTE
    _printf_flags                            0x00000000   Number         0  printf_stubs.o ABSOLUTE
    _printf_return_value                     0x00000000   Number         0  printf_stubs.o ABSOLUTE
    _printf_sizespec                         0x00000000   Number         0  printf_stubs.o ABSOLUTE
    _printf_widthprec                        0x00000000   Number         0  printf_stubs.o ABSOLUTE
    __ARM_exceptions_init                     - Undefined Weak Reference
    __alloca_initialize                       - Undefined Weak Reference
    __arm_fini_                               - Undefined Weak Reference
    __arm_preinit_                            - Undefined Weak Reference
    __cpp_initialize__aeabi_                  - Undefined Weak Reference
    __cxa_finalize                            - Undefined Weak Reference
    __sigvec_lookup                           - Undefined Weak Reference
    _atexit_init                              - Undefined Weak Reference
    _call_atexit_fns                          - Undefined Weak Reference
    _clock_init                               - Undefined Weak Reference
    _fp_trap_init                             - Undefined Weak Reference
    _fp_trap_shutdown                         - Undefined Weak Reference
    _get_lc_collate                           - Undefined Weak Reference
    _get_lc_ctype                             - Undefined Weak Reference
    _get_lc_monetary                          - Undefined Weak Reference
    _get_lc_time                              - Undefined Weak Reference
    _getenv_init                              - Undefined Weak Reference
    _handle_redirection                       - Undefined Weak Reference
    _init_alloc                               - Undefined Weak Reference
    _init_user_alloc                          - Undefined Weak Reference
    _initio                                   - Undefined Weak Reference
    _printf_post_padding                      - Undefined Weak Reference
    _printf_pre_padding                       - Undefined Weak Reference
    _printf_truncate_signed                   - Undefined Weak Reference
    _printf_truncate_unsigned                 - Undefined Weak Reference
    _rand_init                                - Undefined Weak Reference
    _signal_finish                            - Undefined Weak Reference
    _signal_init                              - Undefined Weak Reference
    _terminate_alloc                          - Undefined Weak Reference
    _terminate_user_alloc                     - Undefined Weak Reference
    _terminateio                              - Undefined Weak Reference
    __Vectors_Size                           0x00000188   Number         0  startup_stm32l476xx.o ABSOLUTE
    __Vectors                                0x08000000   Data           4  startup_stm32l476xx.o(RESET)
    __Vectors_End                            0x08000188   Data           0  startup_stm32l476xx.o(RESET)
    __main                                   0x08000189   Thumb Code     8  __main.o(!!!main)
    __scatterload                            0x08000191   Thumb Code     0  __scatter.o(!!!scatter)
    __scatterload_rt2                        0x08000191   Thumb Code    44  __scatter.o(!!!scatter)
    __scatterload_rt2_thumb_only             0x08000191   Thumb Code     0  __scatter.o(!!!scatter)
    __scatterload_null                       0x0800019f   Thumb Code     0  __scatter.o(!!!scatter)
    __scatterload_copy                       0x080001c5   Thumb Code    26  __scatter_copy.o(!!handler_copy)
    __scatterload_zeroinit                   0x080001e1   Thumb Code    28  __scatter_zi.o(!!handler_zi)
    _printf_d                                0x080001fd   Thumb Code     0  _printf_d.o(.ARM.Collect$$_printf_percent$$00000009)
    _printf_percent                          0x080001fd   Thumb Code     0  _printf_percent.o(.ARM.Collect$$_printf_percent$$00000000)
    _printf_percent_end                      0x08000203   Thumb Code     0  _printf_percent_end.o(.ARM.Collect$$_printf_percent$$00000017)
    __rt_lib_init                            0x08000207   Thumb Code     0  libinit.o(.ARM.Collect$$libinit$$00000000)
    __rt_lib_init_fp_1                       0x08000209   Thumb Code     0  libinit2.o(.ARM.Collect$$libinit$$00000001)
    __rt_lib_init_alloca_1                   0x0800020d   Thumb Code     0  libinit2.o(.ARM.Collect$$libinit$$0000002E)
    __rt_lib_init_argv_1                     0x0800020d   Thumb Code     0  libinit2.o(.ARM.Collect$$libinit$$0000002C)
    __rt_lib_init_atexit_1                   0x0800020d   Thumb Code     0  libinit2.o(.ARM.Collect$$libinit$$0000001B)
    __rt_lib_init_clock_1                    0x0800020d   Thumb Code     0  libinit2.o(.ARM.Collect$$libinit$$00000021)
    __rt_lib_init_cpp_1                      0x0800020d   Thumb Code     0  libinit2.o(.ARM.Collect$$libinit$$00000032)
    __rt_lib_init_exceptions_1               0x0800020d   Thumb Code     0  libinit2.o(.ARM.Collect$$libinit$$00000030)
    __rt_lib_init_fp_trap_1                  0x0800020d   Thumb Code     0  libinit2.o(.ARM.Collect$$libinit$$0000001F)
    __rt_lib_init_getenv_1                   0x0800020d   Thumb Code     0  libinit2.o(.ARM.Collect$$libinit$$00000023)
    __rt_lib_init_heap_1                     0x0800020d   Thumb Code     0  libinit2.o(.ARM.Collect$$libinit$$0000000A)
    __rt_lib_init_lc_collate_1               0x0800020d   Thumb Code     0  libinit2.o(.ARM.Collect$$libinit$$00000011)
    __rt_lib_init_lc_ctype_1                 0x0800020d   Thumb Code     0  libinit2.o(.ARM.Collect$$libinit$$00000013)
    __rt_lib_init_lc_monetary_1              0x0800020d   Thumb Code     0  libinit2.o(.ARM.Collect$$libinit$$00000015)
    __rt_lib_init_lc_numeric_1               0x0800020d   Thumb Code     0  libinit2.o(.ARM.Collect$$libinit$$00000017)
    __rt_lib_init_lc_time_1                  0x0800020d   Thumb Code     0  libinit2.o(.ARM.Collect$$libinit$$00000019)
    __rt_lib_init_preinit_1                  0x0800020d   Thumb Code     0  libinit2.o(.ARM.Collect$$libinit$$00000004)
    __rt_lib_init_rand_1                     0x0800020d   Thumb Code     0  libinit2.o(.ARM.Collect$$libinit$$0000000E)
    __rt_lib_init_return                     0x0800020d   Thumb Code     0  libinit2.o(.ARM.Collect$$libinit$$00000033)
    __rt_lib_init_signal_1                   0x0800020d   Thumb Code     0  libinit2.o(.ARM.Collect$$libinit$$0000001D)
    __rt_lib_init_stdio_1                    0x0800020d   Thumb Code     0  libinit2.o(.ARM.Collect$$libinit$$00000025)
    __rt_lib_init_user_alloc_1               0x0800020d   Thumb Code     0  libinit2.o(.ARM.Collect$$libinit$$0000000C)
    __rt_lib_shutdown                        0x0800020f   Thumb Code     0  libshutdown.o(.ARM.Collect$$libshutdown$$00000000)
    __rt_lib_shutdown_cpp_1                  0x08000211   Thumb Code     0  libshutdown2.o(.ARM.Collect$$libshutdown$$00000004)
    __rt_lib_shutdown_fini_1                 0x08000211   Thumb Code     0  libshutdown2.o(.ARM.Collect$$libshutdown$$00000002)
    __rt_lib_shutdown_fp_trap_1              0x08000211   Thumb Code     0  libshutdown2.o(.ARM.Collect$$libshutdown$$00000009)
    __rt_lib_shutdown_heap_1                 0x08000211   Thumb Code     0  libshutdown2.o(.ARM.Collect$$libshutdown$$00000011)
    __rt_lib_shutdown_return                 0x08000211   Thumb Code     0  libshutdown2.o(.ARM.Collect$$libshutdown$$00000012)
    __rt_lib_shutdown_signal_1               0x08000211   Thumb Code     0  libshutdown2.o(.ARM.Collect$$libshutdown$$0000000C)
    __rt_lib_shutdown_stdio_1                0x08000211   Thumb Code     0  libshutdown2.o(.ARM.Collect$$libshutdown$$00000006)
    __rt_lib_shutdown_user_alloc_1           0x08000211   Thumb Code     0  libshutdown2.o(.ARM.Collect$$libshutdown$$0000000E)
    __rt_entry                               0x08000213   Thumb Code     0  __rtentry.o(.ARM.Collect$$rtentry$$00000000)
    __rt_entry_presh_1                       0x08000213   Thumb Code     0  __rtentry2.o(.ARM.Collect$$rtentry$$00000002)
    __rt_entry_sh                            0x08000213   Thumb Code     0  __rtentry4.o(.ARM.Collect$$rtentry$$00000004)
    __rt_entry_postsh_1                      0x08000219   Thumb Code     0  __rtentry2.o(.ARM.Collect$$rtentry$$00000008)
    __rt_entry_li                            0x08000221   Thumb Code     0  __rtentry2.o(.ARM.Collect$$rtentry$$0000000A)
    __rt_entry_main                          0x08000225   Thumb Code     0  __rtentry2.o(.ARM.Collect$$rtentry$$0000000D)
    __rt_entry_postli_1                      0x08000225   Thumb Code     0  __rtentry2.o(.ARM.Collect$$rtentry$$0000000C)
    __rt_exit                                0x0800022d   Thumb Code     0  rtexit.o(.ARM.Collect$$rtexit$$00000000)
    __rt_exit_ls                             0x0800022f   Thumb Code     0  rtexit2.o(.ARM.Collect$$rtexit$$00000003)
    __rt_exit_prels_1                        0x0800022f   Thumb Code     0  rtexit2.o(.ARM.Collect$$rtexit$$00000002)
    __rt_exit_exit                           0x08000233   Thumb Code     0  rtexit2.o(.ARM.Collect$$rtexit$$00000004)
    SVC_Handler                              0x08000239   Thumb Code    28  port.o(.emb_text)
    __asm___6_port_c_39a90d8d__prvStartFirstTask 0x08000259   Thumb Code    36  port.o(.emb_text)
    __asm___6_port_c_39a90d8d__prvEnableVFP  0x08000281   Thumb Code    16  port.o(.emb_text)
    PendSV_Handler                           0x08000295   Thumb Code    88  port.o(.emb_text)
    vPortGetIPSR                             0x080002f1   Thumb Code     6  port.o(.emb_text)
    Reset_Handler                            0x08000319   Thumb Code     8  startup_stm32l476xx.o(.text)
    NMI_Handler                              0x08000321   Thumb Code     2  startup_stm32l476xx.o(.text)
    HardFault_Handler                        0x08000323   Thumb Code     2  startup_stm32l476xx.o(.text)
    MemManage_Handler                        0x08000325   Thumb Code     2  startup_stm32l476xx.o(.text)
    BusFault_Handler                         0x08000327   Thumb Code     2  startup_stm32l476xx.o(.text)
    UsageFault_Handler                       0x08000329   Thumb Code     2  startup_stm32l476xx.o(.text)
    DebugMon_Handler                         0x0800032d   Thumb Code     2  startup_stm32l476xx.o(.text)
    ADC1_2_IRQHandler                        0x08000333   Thumb Code     0  startup_stm32l476xx.o(.text)
    ADC3_IRQHandler                          0x08000333   Thumb Code     0  startup_stm32l476xx.o(.text)
    CAN1_RX0_IRQHandler                      0x08000333   Thumb Code     0  startup_stm32l476xx.o(.text)
    CAN1_RX1_IRQHandler                      0x08000333   Thumb Code     0  startup_stm32l476xx.o(.text)
    CAN1_SCE_IRQHandler                      0x08000333   Thumb Code     0  startup_stm32l476xx.o(.text)
    CAN1_TX_IRQHandler                       0x08000333   Thumb Code     0  startup_stm32l476xx.o(.text)
    COMP_IRQHandler                          0x08000333   Thumb Code     0  startup_stm32l476xx.o(.text)
    DFSDM1_FLT0_IRQHandler                   0x08000333   Thumb Code     0  startup_stm32l476xx.o(.text)
    DFSDM1_FLT1_IRQHandler                   0x08000333   Thumb Code     0  startup_stm32l476xx.o(.text)
    DFSDM1_FLT2_IRQHandler                   0x08000333   Thumb Code     0  startup_stm32l476xx.o(.text)
    DFSDM1_FLT3_IRQHandler                   0x08000333   Thumb Code     0  startup_stm32l476xx.o(.text)
    DMA1_Channel1_IRQHandler                 0x08000333   Thumb Code     0  startup_stm32l476xx.o(.text)
    DMA1_Channel2_IRQHandler                 0x08000333   Thumb Code     0  startup_stm32l476xx.o(.text)
    DMA1_Channel3_IRQHandler                 0x08000333   Thumb Code     0  startup_stm32l476xx.o(.text)
    DMA1_Channel4_IRQHandler                 0x08000333   Thumb Code     0  startup_stm32l476xx.o(.text)
    DMA1_Channel5_IRQHandler                 0x08000333   Thumb Code     0  startup_stm32l476xx.o(.text)
    DMA1_Channel6_IRQHandler                 0x08000333   Thumb Code     0  startup_stm32l476xx.o(.text)
    DMA1_Channel7_IRQHandler                 0x08000333   Thumb Code     0  startup_stm32l476xx.o(.text)
    DMA2_Channel1_IRQHandler                 0x08000333   Thumb Code     0  startup_stm32l476xx.o(.text)
    DMA2_Channel2_IRQHandler                 0x08000333   Thumb Code     0  startup_stm32l476xx.o(.text)
    DMA2_Channel3_IRQHandler                 0x08000333   Thumb Code     0  startup_stm32l476xx.o(.text)
    DMA2_Channel4_IRQHandler                 0x08000333   Thumb Code     0  startup_stm32l476xx.o(.text)
    DMA2_Channel5_IRQHandler                 0x08000333   Thumb Code     0  startup_stm32l476xx.o(.text)
    DMA2_Channel6_IRQHandler                 0x08000333   Thumb Code     0  startup_stm32l476xx.o(.text)
    DMA2_Channel7_IRQHandler                 0x08000333   Thumb Code     0  startup_stm32l476xx.o(.text)
    EXTI0_IRQHandler                         0x08000333   Thumb Code     0  startup_stm32l476xx.o(.text)
    EXTI15_10_IRQHandler                     0x08000333   Thumb Code     0  startup_stm32l476xx.o(.text)
    EXTI1_IRQHandler                         0x08000333   Thumb Code     0  startup_stm32l476xx.o(.text)
    EXTI2_IRQHandler                         0x08000333   Thumb Code     0  startup_stm32l476xx.o(.text)
    EXTI3_IRQHandler                         0x08000333   Thumb Code     0  startup_stm32l476xx.o(.text)
    EXTI4_IRQHandler                         0x08000333   Thumb Code     0  startup_stm32l476xx.o(.text)
    EXTI9_5_IRQHandler                       0x08000333   Thumb Code     0  startup_stm32l476xx.o(.text)
    FLASH_IRQHandler                         0x08000333   Thumb Code     0  startup_stm32l476xx.o(.text)
    FMC_IRQHandler                           0x08000333   Thumb Code     0  startup_stm32l476xx.o(.text)
    FPU_IRQHandler                           0x08000333   Thumb Code     0  startup_stm32l476xx.o(.text)
    I2C1_ER_IRQHandler                       0x08000333   Thumb Code     0  startup_stm32l476xx.o(.text)
    I2C1_EV_IRQHandler                       0x08000333   Thumb Code     0  startup_stm32l476xx.o(.text)
    I2C2_ER_IRQHandler                       0x08000333   Thumb Code     0  startup_stm32l476xx.o(.text)
    I2C2_EV_IRQHandler                       0x08000333   Thumb Code     0  startup_stm32l476xx.o(.text)
    I2C3_ER_IRQHandler                       0x08000333   Thumb Code     0  startup_stm32l476xx.o(.text)
    I2C3_EV_IRQHandler                       0x08000333   Thumb Code     0  startup_stm32l476xx.o(.text)
    LCD_IRQHandler                           0x08000333   Thumb Code     0  startup_stm32l476xx.o(.text)
    LPTIM1_IRQHandler                        0x08000333   Thumb Code     0  startup_stm32l476xx.o(.text)
    LPTIM2_IRQHandler                        0x08000333   Thumb Code     0  startup_stm32l476xx.o(.text)
    LPUART1_IRQHandler                       0x08000333   Thumb Code     0  startup_stm32l476xx.o(.text)
    OTG_FS_IRQHandler                        0x08000333   Thumb Code     0  startup_stm32l476xx.o(.text)
    PVD_PVM_IRQHandler                       0x08000333   Thumb Code     0  startup_stm32l476xx.o(.text)
    QUADSPI_IRQHandler                       0x08000333   Thumb Code     0  startup_stm32l476xx.o(.text)
    RCC_IRQHandler                           0x08000333   Thumb Code     0  startup_stm32l476xx.o(.text)
    RNG_IRQHandler                           0x08000333   Thumb Code     0  startup_stm32l476xx.o(.text)
    RTC_Alarm_IRQHandler                     0x08000333   Thumb Code     0  startup_stm32l476xx.o(.text)
    RTC_WKUP_IRQHandler                      0x08000333   Thumb Code     0  startup_stm32l476xx.o(.text)
    SAI1_IRQHandler                          0x08000333   Thumb Code     0  startup_stm32l476xx.o(.text)
    SAI2_IRQHandler                          0x08000333   Thumb Code     0  startup_stm32l476xx.o(.text)
    SDMMC1_IRQHandler                        0x08000333   Thumb Code     0  startup_stm32l476xx.o(.text)
    SPI1_IRQHandler                          0x08000333   Thumb Code     0  startup_stm32l476xx.o(.text)
    SPI2_IRQHandler                          0x08000333   Thumb Code     0  startup_stm32l476xx.o(.text)
    SPI3_IRQHandler                          0x08000333   Thumb Code     0  startup_stm32l476xx.o(.text)
    SWPMI1_IRQHandler                        0x08000333   Thumb Code     0  startup_stm32l476xx.o(.text)
    TAMP_STAMP_IRQHandler                    0x08000333   Thumb Code     0  startup_stm32l476xx.o(.text)
    TIM1_BRK_TIM15_IRQHandler                0x08000333   Thumb Code     0  startup_stm32l476xx.o(.text)
    TIM1_CC_IRQHandler                       0x08000333   Thumb Code     0  startup_stm32l476xx.o(.text)
    TIM1_TRG_COM_TIM17_IRQHandler            0x08000333   Thumb Code     0  startup_stm32l476xx.o(.text)
    TIM1_UP_TIM16_IRQHandler                 0x08000333   Thumb Code     0  startup_stm32l476xx.o(.text)
    TIM2_IRQHandler                          0x08000333   Thumb Code     0  startup_stm32l476xx.o(.text)
    TIM3_IRQHandler                          0x08000333   Thumb Code     0  startup_stm32l476xx.o(.text)
    TIM4_IRQHandler                          0x08000333   Thumb Code     0  startup_stm32l476xx.o(.text)
    TIM5_IRQHandler                          0x08000333   Thumb Code     0  startup_stm32l476xx.o(.text)
    TIM6_DAC_IRQHandler                      0x08000333   Thumb Code     0  startup_stm32l476xx.o(.text)
    TIM7_IRQHandler                          0x08000333   Thumb Code     0  startup_stm32l476xx.o(.text)
    TIM8_BRK_IRQHandler                      0x08000333   Thumb Code     0  startup_stm32l476xx.o(.text)
    TIM8_CC_IRQHandler                       0x08000333   Thumb Code     0  startup_stm32l476xx.o(.text)
    TIM8_TRG_COM_IRQHandler                  0x08000333   Thumb Code     0  startup_stm32l476xx.o(.text)
    TIM8_UP_IRQHandler                       0x08000333   Thumb Code     0  startup_stm32l476xx.o(.text)
    TSC_IRQHandler                           0x08000333   Thumb Code     0  startup_stm32l476xx.o(.text)
    UART4_IRQHandler                         0x08000333   Thumb Code     0  startup_stm32l476xx.o(.text)
    UART5_IRQHandler                         0x08000333   Thumb Code     0  startup_stm32l476xx.o(.text)
    USART1_IRQHandler                        0x08000333   Thumb Code     0  startup_stm32l476xx.o(.text)
    USART2_IRQHandler                        0x08000333   Thumb Code     0  startup_stm32l476xx.o(.text)
    USART3_IRQHandler                        0x08000333   Thumb Code     0  startup_stm32l476xx.o(.text)
    WWDG_IRQHandler                          0x08000333   Thumb Code     0  startup_stm32l476xx.o(.text)
    __user_initial_stackheap                 0x08000335   Thumb Code     0  startup_stm32l476xx.o(.text)
    __2sprintf                               0x08000359   Thumb Code    34  noretval__2sprintf.o(.text)
    _printf_int_dec                          0x08000381   Thumb Code   104  _printf_dec.o(.text)
    __printf                                 0x080003f9   Thumb Code   184  __printf_ss.o(.text)
    __aeabi_memcpy                           0x080004b1   Thumb Code     0  rt_memcpy_v6.o(.text)
    __rt_memcpy                              0x080004b1   Thumb Code   138  rt_memcpy_v6.o(.text)
    _memcpy_lastbytes                        0x08000517   Thumb Code     0  rt_memcpy_v6.o(.text)
    __aeabi_memset                           0x0800053b   Thumb Code    16  aeabi_memset.o(.text)
    __aeabi_memclr4                          0x0800054b   Thumb Code     0  rt_memclr_w.o(.text)
    __aeabi_memclr8                          0x0800054b   Thumb Code     0  rt_memclr_w.o(.text)
    __rt_memclr_w                            0x0800054b   Thumb Code    78  rt_memclr_w.o(.text)
    _memset_w                                0x0800054f   Thumb Code     0  rt_memclr_w.o(.text)
    __use_two_region_memory                  0x08000599   Thumb Code     2  heapauxi.o(.text)
    __rt_heap_escrow$2region                 0x0800059b   Thumb Code     2  heapauxi.o(.text)
    __rt_heap_expand$2region                 0x0800059d   Thumb Code     2  heapauxi.o(.text)
    _printf_int_common                       0x0800059f   Thumb Code   178  _printf_intcommon.o(.text)
    _printf_char_common                      0x0800065b   Thumb Code    32  _printf_char_common.o(.text)
    _sputc                                   0x08000681   Thumb Code    10  _sputc.o(.text)
    __aeabi_memcpy4                          0x0800068b   Thumb Code     0  rt_memcpy_w.o(.text)
    __aeabi_memcpy8                          0x0800068b   Thumb Code     0  rt_memcpy_w.o(.text)
    __rt_memcpy_w                            0x0800068b   Thumb Code   100  rt_memcpy_w.o(.text)
    _memcpy_lastbytes_aligned                0x080006d3   Thumb Code     0  rt_memcpy_w.o(.text)
    __aeabi_memclr                           0x080006ef   Thumb Code     0  rt_memclr.o(.text)
    __rt_memclr                              0x080006ef   Thumb Code    68  rt_memclr.o(.text)
    _memset                                  0x080006f3   Thumb Code     0  rt_memclr.o(.text)
    __user_libspace                          0x08000735   Thumb Code     8  libspace.o(.text)
    __user_perproc_libspace                  0x08000735   Thumb Code     0  libspace.o(.text)
    __user_setup_stackheap                   0x0800073d   Thumb Code    74  sys_stackheap_outer.o(.text)
    exit                                     0x08000787   Thumb Code    18  exit.o(.text)
    _sys_exit                                0x08000799   Thumb Code     8  sys_exit.o(.text)
    __I$use$semihosting                      0x080007a5   Thumb Code     0  use_no_semi.o(.text)
    __use_no_semihosting_swi                 0x080007a5   Thumb Code     2  use_no_semi.o(.text)
    __semihosting_library_function           0x080007a7   Thumb Code     0  indicate_semi.o(.text)
    LCDClear                                 0x080007a9   Thumb Code    52  lcd.o(i.LCDClear)
    LCDClockInit                             0x080007e1   Thumb Code   190  lcd.o(i.LCDClockInit)
    LCDConfigure                             0x080008a9   Thumb Code    78  lcd.o(i.LCDConfigure)
    LCDDisplayString                         0x08000a35   Thumb Code    44  lcd.o(i.LCDDisplayString)
    LCDInit                                  0x08000a65   Thumb Code    34  rullolcd.o(i.LCDInit)
    LCDInitialization                        0x08000aa9   Thumb Code    20  lcd.o(i.LCDInitialization)
    LCDPinInit                               0x08000abd   Thumb Code   290  lcd.o(i.LCDPinInit)
    LCDTest                                  0x08000c21   Thumb Code    32  rullolcd.o(i.LCDTest)
    LCDWriteChar                             0x08000c5d   Thumb Code  1946  lcd.o(i.LCDWriteChar)
    LedInit                                  0x08001401   Thumb Code    12  led.o(i.LedInit)
    LedRossoInit                             0x0800140d   Thumb Code    36  led.o(i.LedRossoInit)
    LedRossoToggle                           0x08001439   Thumb Code    14  led.o(i.LedRossoToggle)
    LedVerdeInit                             0x0800144d   Thumb Code    36  led.o(i.LedVerdeInit)
    LedVerdeToggle                           0x08001479   Thumb Code    14  led.o(i.LedVerdeToggle)
    SwCenterInit                             0x0800148d   Thumb Code    60  puls.o(i.SwCenterInit)
    SwDownInit                               0x080014cd   Thumb Code    60  puls.o(i.SwDownInit)
    SwInit                                   0x0800150d   Thumb Code    24  puls.o(i.SwInit)
    SwLeftClick                              0x08001525   Thumb Code    30  puls.o(i.SwLeftClick)
    SwLeftInit                               0x08001545   Thumb Code    60  puls.o(i.SwLeftInit)
    SwRightClick                             0x08001585   Thumb Code    30  puls.o(i.SwRightClick)
    SwRightInit                              0x080015a5   Thumb Code    60  puls.o(i.SwRightInit)
    SwUpInit                                 0x080015e5   Thumb Code    60  puls.o(i.SwUpInit)
    SysTick_Handler                          0x08001625   Thumb Code    22  cmsis_os2.o(i.SysTick_Handler)
    SystemCoreClockUpdate                    0x0800163d   Thumb Code   212  system_stm32l4xx.o(i.SystemCoreClockUpdate)
    SystemInit                               0x08001729   Thumb Code    68  system_stm32l4xx.o(i.SystemInit)
    _mutex_acquire                           0x08001779   Thumb Code    22  clib_arm.o(i._mutex_acquire)
    _mutex_free                              0x08001791   Thumb Code    46  clib_arm.o(i._mutex_free)
    _mutex_initialize                        0x080017c5   Thumb Code    86  clib_arm.o(i._mutex_initialize)
    _mutex_release                           0x08001825   Thumb Code    24  clib_arm.o(i._mutex_release)
    _platform_post_stackheap_init            0x0800183d   Thumb Code     2  clib_arm.o(i._platform_post_stackheap_init)
    digitalRead                              0x0800183f   Thumb Code    46  arduino.o(i.digitalRead)
    main                                     0x0800186d   Thumb Code    36  main.o(i.main)
    pllInit                                  0x080018a5   Thumb Code   254  clock.o(i.pllInit)
    pvPortMalloc                             0x08002331   Thumb Code   228  heap_4.o(i.pvPortMalloc)
    pvTaskIncrementMutexHeldCount            0x0800242d   Thumb Code    26  tasks.o(i.pvTaskIncrementMutexHeldCount)
    pxPortInitialiseStack                    0x0800244d   Thumb Code    38  port.o(i.pxPortInitialiseStack)
    uxListRemove                             0x08002479   Thumb Code    40  list.o(i.uxListRemove)
    uxTaskResetEventItemValue                0x080024a1   Thumb Code    24  tasks.o(i.uxTaskResetEventItemValue)
    vApplicationGetIdleTaskMemory            0x080024bd   Thumb Code    14  cmsis_os2.o(i.vApplicationGetIdleTaskMemory)
    vApplicationGetTimerTaskMemory           0x080024d5   Thumb Code    14  cmsis_os2.o(i.vApplicationGetTimerTaskMemory)
    vApplicationStackOverflowHook            0x080024ed   Thumb Code     2  cmsis_os2.o(i.vApplicationStackOverflowHook)
    vListInitialise                          0x080024ef   Thumb Code    26  list.o(i.vListInitialise)
    vListInitialiseItem                      0x08002509   Thumb Code     6  list.o(i.vListInitialiseItem)
    vListInsert                              0x0800250f   Thumb Code    52  list.o(i.vListInsert)
    vPortEnterCritical                       0x08002545   Thumb Code    30  port.o(i.vPortEnterCritical)
    vPortExitCritical                        0x08002569   Thumb Code    28  port.o(i.vPortExitCritical)
    vPortFree                                0x08002589   Thumb Code    74  heap_4.o(i.vPortFree)
    vPortSetupTimerInterrupt                 0x080025e1   Thumb Code    36  port.o(i.vPortSetupTimerInterrupt)
    vQueueDelete                             0x08002609   Thumb Code    20  queue.o(i.vQueueDelete)
    vQueueWaitForMessageRestricted           0x0800261d   Thumb Code    74  queue.o(i.vQueueWaitForMessageRestricted)
    vTaskConteggio                           0x08002669   Thumb Code    92  rullolcd.o(i.vTaskConteggio)
    vTaskInternalSetTimeOutState             0x080026d9   Thumb Code    14  tasks.o(i.vTaskInternalSetTimeOutState)
    vTaskMissedYield                         0x080026f1   Thumb Code     8  tasks.o(i.vTaskMissedYield)
    vTaskPlaceOnEventList                    0x080026fd   Thumb Code    28  tasks.o(i.vTaskPlaceOnEventList)
    vTaskPlaceOnEventListRestricted          0x0800271d   Thumb Code    70  tasks.o(i.vTaskPlaceOnEventListRestricted)
    vTaskPlaceOnUnorderedEventList           0x08002769   Thumb Code    74  tasks.o(i.vTaskPlaceOnUnorderedEventList)
    vTaskPriorityDisinheritAfterTimeout      0x080027b9   Thumb Code   182  tasks.o(i.vTaskPriorityDisinheritAfterTimeout)
    vTaskPuls                                0x08002879   Thumb Code    36  rullolcd.o(i.vTaskPuls)
    vTaskRemoveFromUnorderedEventList        0x080028a1   Thumb Code   188  tasks.o(i.vTaskRemoveFromUnorderedEventList)
    vTaskStartScheduler                      0x0800296d   Thumb Code   124  tasks.o(i.vTaskStartScheduler)
    vTaskSuspendAll                          0x08002a09   Thumb Code    12  tasks.o(i.vTaskSuspendAll)
    vTaskSwitchContext                       0x08002a19   Thumb Code   154  tasks.o(i.vTaskSwitchContext)
    xEventGroupCreate                        0x08002ac9   Thumb Code    30  event_groups.o(i.xEventGroupCreate)
    xEventGroupSetBits                       0x08002ae7   Thumb Code   146  event_groups.o(i.xEventGroupSetBits)
    xEventGroupWaitBits                      0x08002b81   Thumb Code   198  event_groups.o(i.xEventGroupWaitBits)
    xPortStartScheduler                      0x08002c55   Thumb Code    58  port.o(i.xPortStartScheduler)
    xPortSysTickHandler                      0x08002c9d   Thumb Code    46  port.o(i.xPortSysTickHandler)
    xQueueCreateMutex                        0x08002cd1   Thumb Code    34  queue.o(i.xQueueCreateMutex)
    xQueueCreateMutexStatic                  0x08002cf3   Thumb Code    42  queue.o(i.xQueueCreateMutexStatic)
    xQueueGenericCreate                      0x08002d1d   Thumb Code    82  queue.o(i.xQueueGenericCreate)
    xQueueGenericCreateStatic                0x08002d6f   Thumb Code    62  queue.o(i.xQueueGenericCreateStatic)
    xQueueGenericReset                       0x08002dad   Thumb Code   156  queue.o(i.xQueueGenericReset)
    xQueueGenericSend                        0x08002e4d   Thumb Code   276  queue.o(i.xQueueGenericSend)
    xQueueReceive                            0x08002f65   Thumb Code   256  queue.o(i.xQueueReceive)
    xQueueSemaphoreTake                      0x08003069   Thumb Code   300  queue.o(i.xQueueSemaphoreTake)
    xTaskCheckForTimeOut                     0x08003199   Thumb Code    88  tasks.o(i.xTaskCheckForTimeOut)
    xTaskCreate                              0x080031f9   Thumb Code   100  tasks.o(i.xTaskCreate)
    xTaskCreateStatic                        0x08003263   Thumb Code    78  tasks.o(i.xTaskCreateStatic)
    xTaskGetSchedulerState                   0x080032b9   Thumb Code    24  tasks.o(i.xTaskGetSchedulerState)
    xTaskGetTickCount                        0x080032d9   Thumb Code     6  tasks.o(i.xTaskGetTickCount)
    xTaskIncrementTick                       0x080032e5   Thumb Code   354  tasks.o(i.xTaskIncrementTick)
    xTaskPriorityDisinherit                  0x08003475   Thumb Code   138  tasks.o(i.xTaskPriorityDisinherit)
    xTaskPriorityInherit                     0x08003509   Thumb Code   202  tasks.o(i.xTaskPriorityInherit)
    xTaskRemoveFromEventList                 0x080035e1   Thumb Code   238  tasks.o(i.xTaskRemoveFromEventList)
    xTaskResumeAll                           0x080036e9   Thumb Code   308  tasks.o(i.xTaskResumeAll)
    xTimerCreateTimerTask                    0x08003841   Thumb Code    76  timers.o(i.xTimerCreateTimerTask)
    _fp_init                                 0x080038a1   Thumb Code    10  fpinit.o(x$fpl$fpinit)
    __fplib_config_fpu_vfp                   0x080038a9   Thumb Code     0  fpinit.o(x$fpl$fpinit)
    __fplib_config_pureend_doubles           0x080038a9   Thumb Code     0  fpinit.o(x$fpl$fpinit)
    CapLetterMap                             0x080038aa   Data          52  lcd.o(.constdata)
    NumberMap                                0x080038de   Data          20  lcd.o(.constdata)
    AHBPrescTable                            0x080038f4   Data          16  system_stm32l4xx.o(.constdata)
    APBPrescTable                            0x08003904   Data           8  system_stm32l4xx.o(.constdata)
    MSIRangeTable                            0x0800390c   Data          48  system_stm32l4xx.o(.constdata)
    Region$$Table$$Base                      0x0800393c   Number         0  anon$$obj.o(Region$$Table)
    Region$$Table$$Limit                     0x0800395c   Number         0  anon$$obj.o(Region$$Table)
    xServo                                   0x20000000   Data           4  rullolcd.o(.data)
    SystemCoreClock                          0x2000000c   Data           4  system_stm32l4xx.o(.data)
    pxCurrentTCB                             0x20000034   Data           4  tasks.o(.data)
    uxTopUsedPriority                        0x2000006c   Data           4  tasks.o(.data)
    __libspace_start                         0x20002da0   Data          96  libspace.o(.bss)
    __temporary_stack_top$libspace           0x20002e00   Data           0  libspace.o(.bss)



==============================================================================

Memory Map of the image

  Image Entry point : 0x08000319

  Load Region LR_1 (Base: 0x08000000, Size: 0x000039e4, Max: 0xffffffff, ABSOLUTE)

    Execution Region ER_RO (Exec base: 0x08000000, Load base: 0x08000000, Size: 0x0000395c, Max: 0xffffffff, ABSOLUTE)

    Exec Addr    Load Addr    Size         Type   Attr      Idx    E Section Name        Object

    0x08000000   0x08000000   0x00000188   Data   RO         1463    RESET               startup_stm32l476xx.o
    0x08000188   0x08000188   0x00000008   Code   RO         2895  * !!!main             c_w.l(__main.o)
    0x08000190   0x08000190   0x00000034   Code   RO         3121    !!!scatter          c_w.l(__scatter.o)
    0x080001c4   0x080001c4   0x0000001a   Code   RO         3123    !!handler_copy      c_w.l(__scatter_copy.o)
    0x080001de   0x080001de   0x00000002   PAD
    0x080001e0   0x080001e0   0x0000001c   Code   RO         3125    !!handler_zi        c_w.l(__scatter_zi.o)
    0x080001fc   0x080001fc   0x00000000   Code   RO         2884    .ARM.Collect$$_printf_percent$$00000000  c_w.l(_printf_percent.o)
    0x080001fc   0x080001fc   0x00000006   Code   RO         2882    .ARM.Collect$$_printf_percent$$00000009  c_w.l(_printf_d.o)
    0x08000202   0x08000202   0x00000004   Code   RO         2910    .ARM.Collect$$_printf_percent$$00000017  c_w.l(_printf_percent_end.o)
    0x08000206   0x08000206   0x00000002   Code   RO         2992    .ARM.Collect$$libinit$$00000000  c_w.l(libinit.o)
    0x08000208   0x08000208   0x00000004   Code   RO         2993    .ARM.Collect$$libinit$$00000001  c_w.l(libinit2.o)
    0x0800020c   0x0800020c   0x00000000   Code   RO         2996    .ARM.Collect$$libinit$$00000004  c_w.l(libinit2.o)
    0x0800020c   0x0800020c   0x00000000   Code   RO         2999    .ARM.Collect$$libinit$$0000000A  c_w.l(libinit2.o)
    0x0800020c   0x0800020c   0x00000000   Code   RO         3001    .ARM.Collect$$libinit$$0000000C  c_w.l(libinit2.o)
    0x0800020c   0x0800020c   0x00000000   Code   RO         3003    .ARM.Collect$$libinit$$0000000E  c_w.l(libinit2.o)
    0x0800020c   0x0800020c   0x00000000   Code   RO         3006    .ARM.Collect$$libinit$$00000011  c_w.l(libinit2.o)
    0x0800020c   0x0800020c   0x00000000   Code   RO         3008    .ARM.Collect$$libinit$$00000013  c_w.l(libinit2.o)
    0x0800020c   0x0800020c   0x00000000   Code   RO         3010    .ARM.Collect$$libinit$$00000015  c_w.l(libinit2.o)
    0x0800020c   0x0800020c   0x00000000   Code   RO         3012    .ARM.Collect$$libinit$$00000017  c_w.l(libinit2.o)
    0x0800020c   0x0800020c   0x00000000   Code   RO         3014    .ARM.Collect$$libinit$$00000019  c_w.l(libinit2.o)
    0x0800020c   0x0800020c   0x00000000   Code   RO         3016    .ARM.Collect$$libinit$$0000001B  c_w.l(libinit2.o)
    0x0800020c   0x0800020c   0x00000000   Code   RO         3018    .ARM.Collect$$libinit$$0000001D  c_w.l(libinit2.o)
    0x0800020c   0x0800020c   0x00000000   Code   RO         3020    .ARM.Collect$$libinit$$0000001F  c_w.l(libinit2.o)
    0x0800020c   0x0800020c   0x00000000   Code   RO         3022    .ARM.Collect$$libinit$$00000021  c_w.l(libinit2.o)
    0x0800020c   0x0800020c   0x00000000   Code   RO         3024    .ARM.Collect$$libinit$$00000023  c_w.l(libinit2.o)
    0x0800020c   0x0800020c   0x00000000   Code   RO         3026    .ARM.Collect$$libinit$$00000025  c_w.l(libinit2.o)
    0x0800020c   0x0800020c   0x00000000   Code   RO         3030    .ARM.Collect$$libinit$$0000002C  c_w.l(libinit2.o)
    0x0800020c   0x0800020c   0x00000000   Code   RO         3032    .ARM.Collect$$libinit$$0000002E  c_w.l(libinit2.o)
    0x0800020c   0x0800020c   0x00000000   Code   RO         3034    .ARM.Collect$$libinit$$00000030  c_w.l(libinit2.o)
    0x0800020c   0x0800020c   0x00000000   Code   RO         3036    .ARM.Collect$$libinit$$00000032  c_w.l(libinit2.o)
    0x0800020c   0x0800020c   0x00000002   Code   RO         3037    .ARM.Collect$$libinit$$00000033  c_w.l(libinit2.o)
    0x0800020e   0x0800020e   0x00000002   Code   RO         3067    .ARM.Collect$$libshutdown$$00000000  c_w.l(libshutdown.o)
    0x08000210   0x08000210   0x00000000   Code   RO         3078    .ARM.Collect$$libshutdown$$00000002  c_w.l(libshutdown2.o)
    0x08000210   0x08000210   0x00000000   Code   RO         3080    .ARM.Collect$$libshutdown$$00000004  c_w.l(libshutdown2.o)
    0x08000210   0x08000210   0x00000000   Code   RO         3082    .ARM.Collect$$libshutdown$$00000006  c_w.l(libshutdown2.o)
    0x08000210   0x08000210   0x00000000   Code   RO         3085    .ARM.Collect$$libshutdown$$00000009  c_w.l(libshutdown2.o)
    0x08000210   0x08000210   0x00000000   Code   RO         3088    .ARM.Collect$$libshutdown$$0000000C  c_w.l(libshutdown2.o)
    0x08000210   0x08000210   0x00000000   Code   RO         3090    .ARM.Collect$$libshutdown$$0000000E  c_w.l(libshutdown2.o)
    0x08000210   0x08000210   0x00000000   Code   RO         3093    .ARM.Collect$$libshutdown$$00000011  c_w.l(libshutdown2.o)
    0x08000210   0x08000210   0x00000002   Code   RO         3094    .ARM.Collect$$libshutdown$$00000012  c_w.l(libshutdown2.o)
    0x08000212   0x08000212   0x00000000   Code   RO         2901    .ARM.Collect$$rtentry$$00000000  c_w.l(__rtentry.o)
    0x08000212   0x08000212   0x00000000   Code   RO         2921    .ARM.Collect$$rtentry$$00000002  c_w.l(__rtentry2.o)
    0x08000212   0x08000212   0x00000006   Code   RO         2933    .ARM.Collect$$rtentry$$00000004  c_w.l(__rtentry4.o)
    0x08000218   0x08000218   0x00000008   Code   RO         2922    .ARM.Collect$$rtentry$$00000008  c_w.l(__rtentry2.o)
    0x08000220   0x08000220   0x00000004   Code   RO         2924    .ARM.Collect$$rtentry$$0000000A  c_w.l(__rtentry2.o)
    0x08000224   0x08000224   0x00000000   Code   RO         2926    .ARM.Collect$$rtentry$$0000000C  c_w.l(__rtentry2.o)
    0x08000224   0x08000224   0x00000008   Code   RO         2927    .ARM.Collect$$rtentry$$0000000D  c_w.l(__rtentry2.o)
    0x0800022c   0x0800022c   0x00000002   Code   RO         3038    .ARM.Collect$$rtexit$$00000000  c_w.l(rtexit.o)
    0x0800022e   0x0800022e   0x00000000   Code   RO         3045    .ARM.Collect$$rtexit$$00000002  c_w.l(rtexit2.o)
    0x0800022e   0x0800022e   0x00000004   Code   RO         3046    .ARM.Collect$$rtexit$$00000003  c_w.l(rtexit2.o)
    0x08000232   0x08000232   0x00000006   Code   RO         3047    .ARM.Collect$$rtexit$$00000004  c_w.l(rtexit2.o)
    0x08000238   0x08000238   0x000000de   Code   RO         1793    .emb_text           port.o
    0x08000316   0x08000316   0x00000002   PAD
    0x08000318   0x08000318   0x00000040   Code   RO         1464  * .text               startup_stm32l476xx.o
    0x08000358   0x08000358   0x00000028   Code   RO         2856    .text               c_w.l(noretval__2sprintf.o)
    0x08000380   0x08000380   0x00000078   Code   RO         2860    .text               c_w.l(_printf_dec.o)
    0x080003f8   0x080003f8   0x000000b8   Code   RO         2865    .text               c_w.l(__printf_ss.o)
    0x080004b0   0x080004b0   0x0000008a   Code   RO         2887    .text               c_w.l(rt_memcpy_v6.o)
    0x0800053a   0x0800053a   0x00000010   Code   RO         2889    .text               c_w.l(aeabi_memset.o)
    0x0800054a   0x0800054a   0x0000004e   Code   RO         2891    .text               c_w.l(rt_memclr_w.o)
    0x08000598   0x08000598   0x00000006   Code   RO         2893    .text               c_w.l(heapauxi.o)
    0x0800059e   0x0800059e   0x000000b2   Code   RO         2902    .text               c_w.l(_printf_intcommon.o)
    0x08000650   0x08000650   0x00000030   Code   RO         2906    .text               c_w.l(_printf_char_common.o)
    0x08000680   0x08000680   0x0000000a   Code   RO         2908    .text               c_w.l(_sputc.o)
    0x0800068a   0x0800068a   0x00000064   Code   RO         2911    .text               c_w.l(rt_memcpy_w.o)
    0x080006ee   0x080006ee   0x00000044   Code   RO         2913    .text               c_w.l(rt_memclr.o)
    0x08000732   0x08000732   0x00000002   PAD
    0x08000734   0x08000734   0x00000008   Code   RO         2980    .text               c_w.l(libspace.o)
    0x0800073c   0x0800073c   0x0000004a   Code   RO         2983    .text               c_w.l(sys_stackheap_outer.o)
    0x08000786   0x08000786   0x00000012   Code   RO         2985    .text               c_w.l(exit.o)
    0x08000798   0x08000798   0x0000000c   Code   RO         3057    .text               c_w.l(sys_exit.o)
    0x080007a4   0x080007a4   0x00000002   Code   RO         3068    .text               c_w.l(use_no_semi.o)
    0x080007a6   0x080007a6   0x00000000   Code   RO         3070    .text               c_w.l(indicate_semi.o)
    0x080007a6   0x080007a6   0x00000002   PAD
    0x080007a8   0x080007a8   0x00000038   Code   RO          124    i.LCDClear          lcd.o
    0x080007e0   0x080007e0   0x000000c8   Code   RO          125    i.LCDClockInit      lcd.o
    0x080008a8   0x080008a8   0x00000054   Code   RO          126    i.LCDConfigure      lcd.o
    0x080008fc   0x080008fc   0x00000138   Code   RO          131    i.LCDConvCharSeg    lcd.o
    0x08000a34   0x08000a34   0x00000030   Code   RO          133    i.LCDDisplayString  lcd.o
    0x08000a64   0x08000a64   0x00000044   Code   RO          733    i.LCDInit           rullolcd.o
    0x08000aa8   0x08000aa8   0x00000014   Code   RO          135    i.LCDInitialization  lcd.o
    0x08000abc   0x08000abc   0x00000164   Code   RO          136    i.LCDPinInit        lcd.o
    0x08000c20   0x08000c20   0x0000003c   Code   RO          734    i.LCDTest           rullolcd.o
    0x08000c5c   0x08000c5c   0x000007a4   Code   RO          137    i.LCDWriteChar      lcd.o
    0x08001400   0x08001400   0x0000000c   Code   RO          256    i.LedInit           led.o
    0x0800140c   0x0800140c   0x0000002c   Code   RO          259    i.LedRossoInit      led.o
    0x08001438   0x08001438   0x00000014   Code   RO          263    i.LedRossoToggle    led.o
    0x0800144c   0x0800144c   0x0000002c   Code   RO          267    i.LedVerdeInit      led.o
    0x08001478   0x08001478   0x00000014   Code   RO          271    i.LedVerdeToggle    led.o
    0x0800148c   0x0800148c   0x00000040   Code   RO          464    i.SwCenterInit      puls.o
    0x080014cc   0x080014cc   0x00000040   Code   RO          466    i.SwDownInit        puls.o
    0x0800150c   0x0800150c   0x00000018   Code   RO          469    i.SwInit            puls.o
    0x08001524   0x08001524   0x0000001e   Code   RO          470    i.SwLeftClick       puls.o
    0x08001542   0x08001542   0x00000002   PAD
    0x08001544   0x08001544   0x00000040   Code   RO          473    i.SwLeftInit        puls.o
    0x08001584   0x08001584   0x0000001e   Code   RO          476    i.SwRightClick      puls.o
    0x080015a2   0x080015a2   0x00000002   PAD
    0x080015a4   0x080015a4   0x00000040   Code   RO          478    i.SwRightInit       puls.o
    0x080015e4   0x080015e4   0x00000040   Code   RO          481    i.SwUpInit          puls.o
    0x08001624   0x08001624   0x00000016   Code   RO          864    i.SysTick_Handler   cmsis_os2.o
    0x0800163a   0x0800163a   0x00000002   PAD
    0x0800163c   0x0800163c   0x000000ec   Code   RO         1471    i.SystemCoreClockUpdate  system_stm32l4xx.o
    0x08001728   0x08001728   0x00000050   Code   RO         1472    i.SystemInit        system_stm32l4xx.o
    0x08001778   0x08001778   0x00000016   Code   RO          782    i._mutex_acquire    clib_arm.o
    0x0800178e   0x0800178e   0x00000002   PAD
    0x08001790   0x08001790   0x00000034   Code   RO          783    i._mutex_free       clib_arm.o
    0x080017c4   0x080017c4   0x00000060   Code   RO          784    i._mutex_initialize  clib_arm.o
    0x08001824   0x08001824   0x00000018   Code   RO          785    i._mutex_release    clib_arm.o
    0x0800183c   0x0800183c   0x00000002   Code   RO          786    i._platform_post_stackheap_init  clib_arm.o
    0x0800183e   0x0800183e   0x0000002e   Code   RO            4    i.digitalRead       arduino.o
    0x0800186c   0x0800186c   0x00000024   Code   RO          411    i.main              main.o
    0x08001890   0x08001890   0x00000012   Code   RO          787    i.os_kernel_is_active  clib_arm.o
    0x080018a2   0x080018a2   0x00000002   PAD
    0x080018a4   0x080018a4   0x00000108   Code   RO           91    i.pllInit           clock.o
    0x080019ac   0x080019ac   0x000000a4   Code   RO         2278    i.prvAddCurrentTaskToDelayedList  tasks.o
    0x08001a50   0x08001a50   0x000000e8   Code   RO         2279    i.prvAddNewTaskToReadyList  tasks.o
    0x08001b38   0x08001b38   0x0000005c   Code   RO         2675    i.prvCheckForValidListAndQueue  timers.o
    0x08001b94   0x08001b94   0x00000048   Code   RO         2280    i.prvCheckTasksWaitingTermination  tasks.o
    0x08001bdc   0x08001bdc   0x0000002a   Code   RO         1876    i.prvCopyDataFromQueue  queue.o
    0x08001c06   0x08001c06   0x0000007e   Code   RO         1877    i.prvCopyDataToQueue  queue.o
    0x08001c84   0x08001c84   0x00000028   Code   RO         2281    i.prvDeleteTCB      tasks.o
    0x08001cac   0x08001cac   0x00000014   Code   RO         1878    i.prvGetDisinheritPriorityAfterTimeout  queue.o
    0x08001cc0   0x08001cc0   0x00000028   Code   RO         2676    i.prvGetNextExpireTime  timers.o
    0x08001ce8   0x08001ce8   0x0000007c   Code   RO         1726    i.prvHeapInit       heap_4.o
    0x08001d64   0x08001d64   0x00000028   Code   RO         2282    i.prvIdleTask       tasks.o
    0x08001d8c   0x08001d8c   0x0000001e   Code   RO         1879    i.prvInitialiseMutex  queue.o
    0x08001daa   0x08001daa   0x0000002a   Code   RO         1880    i.prvInitialiseNewQueue  queue.o
    0x08001dd4   0x08001dd4   0x000000a0   Code   RO         2283    i.prvInitialiseNewTask  tasks.o
    0x08001e74   0x08001e74   0x00000068   Code   RO         2284    i.prvInitialiseTaskLists  tasks.o
    0x08001edc   0x08001edc   0x00000068   Code   RO         1727    i.prvInsertBlockIntoFreeList  heap_4.o
    0x08001f44   0x08001f44   0x00000058   Code   RO         2678    i.prvInsertTimerInActiveList  timers.o
    0x08001f9c   0x08001f9c   0x0000001a   Code   RO         1881    i.prvIsQueueEmpty   queue.o
    0x08001fb6   0x08001fb6   0x0000001e   Code   RO         1882    i.prvIsQueueFull    queue.o
    0x08001fd4   0x08001fd4   0x00000044   Code   RO         2679    i.prvProcessExpiredTimer  timers.o
    0x08002018   0x08002018   0x00000110   Code   RO         2680    i.prvProcessReceivedCommands  timers.o
    0x08002128   0x08002128   0x00000074   Code   RO         2681    i.prvProcessTimerOrBlockTask  timers.o
    0x0800219c   0x0800219c   0x00000028   Code   RO         2682    i.prvReloadTimer    timers.o
    0x080021c4   0x080021c4   0x00000030   Code   RO         2286    i.prvResetNextTaskUnblockTime  tasks.o
    0x080021f4   0x080021f4   0x0000002c   Code   RO         2683    i.prvSampleTimeNow  timers.o
    0x08002220   0x08002220   0x00000044   Code   RO         2684    i.prvSwitchTimerLists  timers.o
    0x08002264   0x08002264   0x00000016   Code   RO         1794    i.prvTaskExitError  port.o
    0x0800227a   0x0800227a   0x0000001e   Code   RO         1550    i.prvTestWaitCondition  event_groups.o
    0x08002298   0x08002298   0x0000001a   Code   RO         2685    i.prvTimerTask      timers.o
    0x080022b2   0x080022b2   0x0000007e   Code   RO         1883    i.prvUnlockQueue    queue.o
    0x08002330   0x08002330   0x000000fc   Code   RO         1728    i.pvPortMalloc      heap_4.o
    0x0800242c   0x0800242c   0x00000020   Code   RO         2289    i.pvTaskIncrementMutexHeldCount  tasks.o
    0x0800244c   0x0800244c   0x0000002c   Code   RO         1795    i.pxPortInitialiseStack  port.o
    0x08002478   0x08002478   0x00000028   Code   RO         1675    i.uxListRemove      list.o
    0x080024a0   0x080024a0   0x0000001c   Code   RO         2298    i.uxTaskResetEventItemValue  tasks.o
    0x080024bc   0x080024bc   0x00000018   Code   RO          937    i.vApplicationGetIdleTaskMemory  cmsis_os2.o
    0x080024d4   0x080024d4   0x00000018   Code   RO          938    i.vApplicationGetTimerTaskMemory  cmsis_os2.o
    0x080024ec   0x080024ec   0x00000002   Code   RO          939    i.vApplicationStackOverflowHook  cmsis_os2.o
    0x080024ee   0x080024ee   0x0000001a   Code   RO         1676    i.vListInitialise   list.o
    0x08002508   0x08002508   0x00000006   Code   RO         1677    i.vListInitialiseItem  list.o
    0x0800250e   0x0800250e   0x00000034   Code   RO         1678    i.vListInsert       list.o
    0x08002542   0x08002542   0x00000002   PAD
    0x08002544   0x08002544   0x00000024   Code   RO         1797    i.vPortEnterCritical  port.o
    0x08002568   0x08002568   0x00000020   Code   RO         1798    i.vPortExitCritical  port.o
    0x08002588   0x08002588   0x00000058   Code   RO         1729    i.vPortFree         heap_4.o
    0x080025e0   0x080025e0   0x00000028   Code   RO         1799    i.vPortSetupTimerInterrupt  port.o
    0x08002608   0x08002608   0x00000014   Code   RO         1889    i.vQueueDelete      queue.o
    0x0800261c   0x0800261c   0x0000004a   Code   RO         1891    i.vQueueWaitForMessageRestricted  queue.o
    0x08002666   0x08002666   0x00000002   PAD
    0x08002668   0x08002668   0x00000070   Code   RO          735    i.vTaskConteggio    rullolcd.o
    0x080026d8   0x080026d8   0x00000018   Code   RO         2304    i.vTaskInternalSetTimeOutState  tasks.o
    0x080026f0   0x080026f0   0x0000000c   Code   RO         2305    i.vTaskMissedYield  tasks.o
    0x080026fc   0x080026fc   0x00000020   Code   RO         2306    i.vTaskPlaceOnEventList  tasks.o
    0x0800271c   0x0800271c   0x0000004c   Code   RO         2307    i.vTaskPlaceOnEventListRestricted  tasks.o
    0x08002768   0x08002768   0x00000050   Code   RO         2308    i.vTaskPlaceOnUnorderedEventList  tasks.o
    0x080027b8   0x080027b8   0x000000c0   Code   RO         2309    i.vTaskPriorityDisinheritAfterTimeout  tasks.o
    0x08002878   0x08002878   0x00000028   Code   RO          736    i.vTaskPuls         rullolcd.o
    0x080028a0   0x080028a0   0x000000cc   Code   RO         2311    i.vTaskRemoveFromUnorderedEventList  tasks.o
    0x0800296c   0x0800296c   0x0000009c   Code   RO         2315    i.vTaskStartScheduler  tasks.o
    0x08002a08   0x08002a08   0x00000010   Code   RO         2317    i.vTaskSuspendAll   tasks.o
    0x08002a18   0x08002a18   0x000000b0   Code   RO         2318    i.vTaskSwitchContext  tasks.o
    0x08002ac8   0x08002ac8   0x0000001e   Code   RO         1558    i.xEventGroupCreate  event_groups.o
    0x08002ae6   0x08002ae6   0x00000098   Code   RO         1561    i.xEventGroupSetBits  event_groups.o
    0x08002b7e   0x08002b7e   0x00000002   PAD
    0x08002b80   0x08002b80   0x000000d2   Code   RO         1564    i.xEventGroupWaitBits  event_groups.o
    0x08002c52   0x08002c52   0x00000002   PAD
    0x08002c54   0x08002c54   0x00000048   Code   RO         1800    i.xPortStartScheduler  port.o
    0x08002c9c   0x08002c9c   0x00000034   Code   RO         1801    i.xPortSysTickHandler  port.o
    0x08002cd0   0x08002cd0   0x00000022   Code   RO         1894    i.xQueueCreateMutex  queue.o
    0x08002cf2   0x08002cf2   0x0000002a   Code   RO         1895    i.xQueueCreateMutexStatic  queue.o
    0x08002d1c   0x08002d1c   0x00000052   Code   RO         1896    i.xQueueGenericCreate  queue.o
    0x08002d6e   0x08002d6e   0x0000003e   Code   RO         1897    i.xQueueGenericCreateStatic  queue.o
    0x08002dac   0x08002dac   0x000000a0   Code   RO         1898    i.xQueueGenericReset  queue.o
    0x08002e4c   0x08002e4c   0x00000118   Code   RO         1899    i.xQueueGenericSend  queue.o
    0x08002f64   0x08002f64   0x00000104   Code   RO         1909    i.xQueueReceive     queue.o
    0x08003068   0x08003068   0x00000130   Code   RO         1911    i.xQueueSemaphoreTake  queue.o
    0x08003198   0x08003198   0x00000060   Code   RO         2320    i.xTaskCheckForTimeOut  tasks.o
    0x080031f8   0x080031f8   0x0000006a   Code   RO         2321    i.xTaskCreate       tasks.o
    0x08003262   0x08003262   0x00000054   Code   RO         2322    i.xTaskCreateStatic  tasks.o
    0x080032b6   0x080032b6   0x00000002   PAD
    0x080032b8   0x080032b8   0x00000020   Code   RO         2329    i.xTaskGetSchedulerState  tasks.o
    0x080032d8   0x080032d8   0x0000000c   Code   RO         2330    i.xTaskGetTickCount  tasks.o
    0x080032e4   0x080032e4   0x00000190   Code   RO         2332    i.xTaskIncrementTick  tasks.o
    0x08003474   0x08003474   0x00000094   Code   RO         2333    i.xTaskPriorityDisinherit  tasks.o
    0x08003508   0x08003508   0x000000d8   Code   RO         2334    i.xTaskPriorityInherit  tasks.o
    0x080035e0   0x080035e0   0x00000108   Code   RO         2335    i.xTaskRemoveFromEventList  tasks.o
    0x080036e8   0x080036e8   0x00000158   Code   RO         2336    i.xTaskResumeAll    tasks.o
    0x08003840   0x08003840   0x00000060   Code   RO         2694    i.xTimerCreateTimerTask  timers.o
    0x080038a0   0x080038a0   0x0000000a   Code   RO         3042    x$fpl$fpinit        fz_wm.l(fpinit.o)
    0x080038aa   0x080038aa   0x00000048   Data   RO          141    .constdata          lcd.o
    0x080038f2   0x080038f2   0x00000002   PAD
    0x080038f4   0x080038f4   0x00000048   Data   RO         1473    .constdata          system_stm32l4xx.o
    0x0800393c   0x0800393c   0x00000020   Data   RO         3119    Region$$Table       anon$$obj.o


    Execution Region ER_RW (Exec base: 0x20000000, Load base: 0x0800395c, Size: 0x00000088, Max: 0xffffffff, ABSOLUTE)

    Exec Addr    Load Addr    Size         Type   Attr      Idx    E Section Name        Object

    0x20000000   0x0800395c   0x0000000c   Data   RW          737    .data               rullolcd.o
    0x2000000c   0x08003968   0x00000004   Data   RW         1474    .data               system_stm32l4xx.o
    0x20000010   0x0800396c   0x00000020   Data   RW         1735    .data               heap_4.o
    0x20000030   0x0800398c   0x00000004   Data   RW         1802    .data               port.o
    0x20000034   0x08003990   0x00000040   Data   RW         2339    .data               tasks.o
    0x20000074   0x080039d0   0x00000014   Data   RW         2703    .data               timers.o


    Execution Region ER_ZI (Exec base: 0x20000088, Load base: 0x080039e4, Size: 0x00003378, Max: 0xffffffff, ABSOLUTE)

    Exec Addr    Load Addr    Size         Type   Attr      Idx    E Section Name        Object

    0x20000088        -       0x00000394   Zero   RW          788    .bss                clib_arm.o
    0x2000041c        -       0x000003f8   Zero   RW          940    .bss                cmsis_os2.o
    0x20000814        -       0x00002000   Zero   RW         1734    .bss                heap_4.o
    0x20002814        -       0x000004c4   Zero   RW         2338    .bss                tasks.o
    0x20002cd8        -       0x000000c8   Zero   RW         2702    .bss                timers.o
    0x20002da0        -       0x00000060   Zero   RW         2981    .bss                c_w.l(libspace.o)
    0x20002e00        -       0x00000200   Zero   RW         1462    HEAP                startup_stm32l476xx.o
    0x20003000        -       0x00000400   Zero   RW         1461    STACK               startup_stm32l476xx.o


==============================================================================

Image component sizes


      Code (inc. data)   RO Data    RW Data    ZI Data      Debug   Object Name

        46          0          0          0          0     668422   arduino.o
       214         16          0          0        916      19956   clib_arm.o
       264         10          0          0          0        718   clock.o
        72         20          0          0       1016      30099   cmsis_os2.o
       422          6          0          0          0      16851   event_groups.o
       568         72          0         32       8192       4203   heap_4.o
      3032        152         72          0          0       6407   lcd.o
       140         28          0          0          0      16166   led.o
       124          0          0          0          0      12185   list.o
        36          0          0          0          0        959   main.o
       520         56          0          4          0       9668   port.o
       404         20          0          0          0       3828   puls.o
      1760         16          0          0          0      18447   queue.o
       280         86          0         12          0       2950   rullolcd.o
        64         26        392          0       1536        880   startup_stm32l476xx.o
       316         36         72          4          0       2245   system_stm32l4xx.o
      3590        392          0         64       1220      47473   tasks.o
       950        110          0         20        200      11736   timers.o

    ----------------------------------------------------------------------
     12824       1046        570        136      13080     873193   Object Totals
         0          0         32          0          0          0   (incl. Generated)
        22          0          2          0          0          0   (incl. Padding)

    ----------------------------------------------------------------------

      Code (inc. data)   RO Data    RW Data    ZI Data      Debug   Library Member Name

         8          0          0          0          0         68   __main.o
       184          0          0          0          0         84   __printf_ss.o
         0          0          0          0          0          0   __rtentry.o
        20          0          0          0          0          0   __rtentry2.o
         6          0          0          0          0          0   __rtentry4.o
        52          8          0          0          0          0   __scatter.o
        26          0          0          0          0          0   __scatter_copy.o
        28          0          0          0          0          0   __scatter_zi.o
        48          6          0          0          0         96   _printf_char_common.o
         6          0          0          0          0          0   _printf_d.o
       120         16          0          0          0         92   _printf_dec.o
       178          0          0          0          0         88   _printf_intcommon.o
         0          0          0          0          0          0   _printf_percent.o
         4          0          0          0          0          0   _printf_percent_end.o
        10          0          0          0          0         68   _sputc.o
        16          0          0          0          0         68   aeabi_memset.o
        18          0          0          0          0         80   exit.o
         6          0          0          0          0        152   heapauxi.o
         0          0          0          0          0          0   indicate_semi.o
         2          0          0          0          0          0   libinit.o
         6          0          0          0          0          0   libinit2.o
         2          0          0          0          0          0   libshutdown.o
         2          0          0          0          0          0   libshutdown2.o
         8          4          0          0         96         68   libspace.o
        40          6          0          0          0         84   noretval__2sprintf.o
        68          0          0          0          0         68   rt_memclr.o
        78          0          0          0          0         80   rt_memclr_w.o
       138          0          0          0          0         68   rt_memcpy_v6.o
       100          0          0          0          0         80   rt_memcpy_w.o
         2          0          0          0          0          0   rtexit.o
        10          0          0          0          0          0   rtexit2.o
        12          4          0          0          0         68   sys_exit.o
        74          0          0          0          0         80   sys_stackheap_outer.o
         2          0          0          0          0         68   use_no_semi.o
        10          0          0          0          0        116   fpinit.o

    ----------------------------------------------------------------------
      1290         44          0          0         96       1576   Library Totals
         6          0          0          0          0          0   (incl. Padding)

    ----------------------------------------------------------------------

      Code (inc. data)   RO Data    RW Data    ZI Data      Debug   Library Name

      1274         44          0          0         96       1460   c_w.l
        10          0          0          0          0        116   fz_wm.l

    ----------------------------------------------------------------------
      1290         44          0          0         96       1576   Library Totals

    ----------------------------------------------------------------------

==============================================================================


      Code (inc. data)   RO Data    RW Data    ZI Data      Debug   

     14114       1090        570        136      13176     862541   Grand Totals
     14114       1090        570        136      13176     862541   ELF Image Totals
     14114       1090        570        136          0          0   ROM Totals

==============================================================================

    Total RO  Size (Code + RO Data)                14684 (  14.34kB)
    Total RW  Size (RW Data + ZI Data)             13312 (  13.00kB)
    Total ROM Size (Code + RO Data + RW Data)      14820 (  14.47kB)

==============================================================================

